

================================================================
== Synthesis Summary Report of 'luffa_tail'
================================================================
+ General Information: 
    * Date:           Fri Apr  1 03:32:03 2022
    * Version:        2021.2 (Build 3367213 on Tue Oct 19 02:47:39 MDT 2021)
    * Project:        luffa_tail
    * Solution:       luffa_tail_f450 (Vivado IP Flow Target)
    * Product family: virtexuplus
    * Target device:  xcvu33p-fsvh2104-2-e
    

+ Performance & Resource Estimates: 
    
    PS: '+' for module; 'o' for loop; '*' for dataflow
    +-------------------+------+------+---------+---------+----------+---------+------+----------+------+----+-------------+----------------+-----+
    |      Modules      | Issue|      | Latency | Latency | Iteration|         | Trip |          |      |    |             |                |     |
    |      & Loops      | Type | Slack| (cycles)|   (ns)  |  Latency | Interval| Count| Pipelined| BRAM | DSP|      FF     |       LUT      | URAM|
    +-------------------+------+------+---------+---------+----------+---------+------+----------+------+----+-------------+----------------+-----+
    |+ luffa_tail       |    II|  0.03|      303|  673.266|         -|       97|     -|       yes|     -|   -|  94246 (10%)|  1072621 (243%)|    -|
    | + round_1         |     -|  0.15|       17|   37.774|         -|        1|     -|       yes|     -|   -|   23297 (2%)|    389038 (88%)|    -|
    |  + inject         |     -|  0.15|        0|    0.000|         -|        1|     -|       yes|     -|   -|            -|       7584 (1%)|    -|
    |   + mul2_1        |     -|  1.41|        0|    0.000|         -|        1|     -|       yes|     -|   -|            -|        96 (~0%)|    -|
    |   + mul2_1        |     -|  1.41|        0|    0.000|         -|        1|     -|       yes|     -|   -|            -|        96 (~0%)|    -|
    |   + mul2_1        |     -|  1.41|        0|    0.000|         -|        1|     -|       yes|     -|   -|            -|        96 (~0%)|    -|
    |   + mul2_1        |     -|  1.41|        0|    0.000|         -|        1|     -|       yes|     -|   -|            -|        96 (~0%)|    -|
    |   + mul2_1        |     -|  1.41|        0|    0.000|         -|        1|     -|       yes|     -|   -|            -|        96 (~0%)|    -|
    |   + mul2_1        |     -|  1.41|        0|    0.000|         -|        1|     -|       yes|     -|   -|            -|        96 (~0%)|    -|
    |   + mul2_1        |     -|  1.41|        0|    0.000|         -|        1|     -|       yes|     -|   -|            -|        96 (~0%)|    -|
    |   + mul2_1        |     -|  1.41|        0|    0.000|         -|        1|     -|       yes|     -|   -|            -|        96 (~0%)|    -|
    |   + mul2_1        |     -|  1.41|        0|    0.000|         -|        1|     -|       yes|     -|   -|            -|        96 (~0%)|    -|
    |   + mul2_1        |     -|  1.41|        0|    0.000|         -|        1|     -|       yes|     -|   -|            -|        96 (~0%)|    -|
    |   + mul2_1        |     -|  1.41|        0|    0.000|         -|        1|     -|       yes|     -|   -|            -|        96 (~0%)|    -|
    |  + permute        |     -|  0.57|       15|   33.330|         -|        1|     -|       yes|     -|   -|   20480 (2%)|    381440 (86%)|    -|
    |   + sub_crumbs    |     -|  0.78|        0|    0.000|         -|        1|     -|       yes|     -|   -|            -|       8960 (2%)|    -|
    |   + sub_crumbs    |     -|  0.78|        0|    0.000|         -|        1|     -|       yes|     -|   -|            -|       8960 (2%)|    -|
    |   + sub_crumbs    |     -|  0.78|        0|    0.000|         -|        1|     -|       yes|     -|   -|            -|       8960 (2%)|    -|
    |   + sub_crumbs    |     -|  0.78|        0|    0.000|         -|        1|     -|       yes|     -|   -|            -|       8960 (2%)|    -|
    |   + sub_crumbs    |     -|  0.78|        0|    0.000|         -|        1|     -|       yes|     -|   -|            -|       8960 (2%)|    -|
    |   + sub_crumbs    |     -|  0.78|        0|    0.000|         -|        1|     -|       yes|     -|   -|            -|       8960 (2%)|    -|
    |   + sub_crumbs    |     -|  0.78|        0|    0.000|         -|        1|     -|       yes|     -|   -|            -|       8960 (2%)|    -|
    |   + sub_crumbs    |     -|  0.78|        0|    0.000|         -|        1|     -|       yes|     -|   -|            -|       8960 (2%)|    -|
    |   + sub_crumbs    |     -|  0.78|        0|    0.000|         -|        1|     -|       yes|     -|   -|            -|       8960 (2%)|    -|
    |   + sub_crumbs    |     -|  0.78|        0|    0.000|         -|        1|     -|       yes|     -|   -|            -|       8960 (2%)|    -|
    |   + sub_crumbs    |     -|  0.78|        0|    0.000|         -|        1|     -|       yes|     -|   -|            -|       8960 (2%)|    -|
    |   + sub_crumbs    |     -|  0.78|        0|    0.000|         -|        1|     -|       yes|     -|   -|            -|       8960 (2%)|    -|
    |   + sub_crumbs    |     -|  0.78|        0|    0.000|         -|        1|     -|       yes|     -|   -|            -|       8960 (2%)|    -|
    |   + sub_crumbs    |     -|  0.78|        0|    0.000|         -|        1|     -|       yes|     -|   -|            -|       8960 (2%)|    -|
    |   + sub_crumbs    |     -|  0.78|        0|    0.000|         -|        1|     -|       yes|     -|   -|            -|       8960 (2%)|    -|
    |   + sub_crumbs    |     -|  0.78|        0|    0.000|         -|        1|     -|       yes|     -|   -|            -|       8960 (2%)|    -|
    |   + sub_crumbs    |     -|  0.78|        0|    0.000|         -|        1|     -|       yes|     -|   -|            -|       8960 (2%)|    -|
    |   + sub_crumbs    |     -|  0.78|        0|    0.000|         -|        1|     -|       yes|     -|   -|            -|       8960 (2%)|    -|
    |   + sub_crumbs    |     -|  0.78|        0|    0.000|         -|        1|     -|       yes|     -|   -|            -|       8960 (2%)|    -|
    |   + sub_crumbs    |     -|  0.78|        0|    0.000|         -|        1|     -|       yes|     -|   -|            -|       8960 (2%)|    -|
    |   + sub_crumbs    |     -|  0.78|        0|    0.000|         -|        1|     -|       yes|     -|   -|            -|       8960 (2%)|    -|
    |   + sub_crumbs    |     -|  0.78|        0|    0.000|         -|        1|     -|       yes|     -|   -|            -|       8960 (2%)|    -|
    |   + sub_crumbs    |     -|  0.78|        0|    0.000|         -|        1|     -|       yes|     -|   -|            -|       8960 (2%)|    -|
    |   + sub_crumbs    |     -|  0.78|        0|    0.000|         -|        1|     -|       yes|     -|   -|            -|       8960 (2%)|    -|
    |   + sub_crumbs    |     -|  0.78|        0|    0.000|         -|        1|     -|       yes|     -|   -|            -|       8960 (2%)|    -|
    |   + sub_crumbs    |     -|  0.78|        0|    0.000|         -|        1|     -|       yes|     -|   -|            -|       8960 (2%)|    -|
    |   + sub_crumbs    |     -|  0.78|        0|    0.000|         -|        1|     -|       yes|     -|   -|            -|       8960 (2%)|    -|
    |   + sub_crumbs    |     -|  0.78|        0|    0.000|         -|        1|     -|       yes|     -|   -|            -|       8960 (2%)|    -|
    |   + sub_crumbs    |     -|  0.78|        0|    0.000|         -|        1|     -|       yes|     -|   -|            -|       8960 (2%)|    -|
    |   + sub_crumbs    |     -|  0.78|        0|    0.000|         -|        1|     -|       yes|     -|   -|            -|       8960 (2%)|    -|
    |   + sub_crumbs    |     -|  0.78|        0|    0.000|         -|        1|     -|       yes|     -|   -|            -|       8960 (2%)|    -|
    |   + sub_crumbs    |     -|  0.78|        0|    0.000|         -|        1|     -|       yes|     -|   -|            -|       8960 (2%)|    -|
    |   + sub_crumbs    |     -|  0.78|        0|    0.000|         -|        1|     -|       yes|     -|   -|            -|       8960 (2%)|    -|
    |   + sub_crumbs    |     -|  0.78|        0|    0.000|         -|        1|     -|       yes|     -|   -|            -|       8960 (2%)|    -|
    |   + sub_crumbs    |     -|  0.78|        0|    0.000|         -|        1|     -|       yes|     -|   -|            -|       8960 (2%)|    -|
    |   + sub_crumbs    |     -|  0.78|        0|    0.000|         -|        1|     -|       yes|     -|   -|            -|       8960 (2%)|    -|
    |   + sub_crumbs    |     -|  0.78|        0|    0.000|         -|        1|     -|       yes|     -|   -|            -|       8960 (2%)|    -|
    |   + sub_crumbs    |     -|  0.78|        0|    0.000|         -|        1|     -|       yes|     -|   -|            -|       8960 (2%)|    -|
    |   + sub_crumbs    |     -|  0.78|        0|    0.000|         -|        1|     -|       yes|     -|   -|            -|       8960 (2%)|    -|
    |   + sub_crumbs    |     -|  0.78|        0|    0.000|         -|        1|     -|       yes|     -|   -|            -|       8960 (2%)|    -|
    |   + mix_words     |     -|  0.78|        0|    0.000|         -|        1|     -|       yes|     -|   -|            -|       512 (~0%)|    -|
    |   + mix_words     |     -|  0.78|        0|    0.000|         -|        1|     -|       yes|     -|   -|            -|       512 (~0%)|    -|
    |   + mix_words     |     -|  0.78|        0|    0.000|         -|        1|     -|       yes|     -|   -|            -|       512 (~0%)|    -|
    |   + mix_words     |     -|  0.78|        0|    0.000|         -|        1|     -|       yes|     -|   -|            -|       512 (~0%)|    -|
    |   + mix_words     |     -|  0.78|        0|    0.000|         -|        1|     -|       yes|     -|   -|            -|       512 (~0%)|    -|
    |   + mix_words     |     -|  0.78|        0|    0.000|         -|        1|     -|       yes|     -|   -|            -|       512 (~0%)|    -|
    |   + mix_words     |     -|  0.78|        0|    0.000|         -|        1|     -|       yes|     -|   -|            -|       512 (~0%)|    -|
    |   + mix_words     |     -|  0.78|        0|    0.000|         -|        1|     -|       yes|     -|   -|            -|       512 (~0%)|    -|
    |   + mix_words     |     -|  0.78|        0|    0.000|         -|        1|     -|       yes|     -|   -|            -|       512 (~0%)|    -|
    |   + mix_words     |     -|  0.78|        0|    0.000|         -|        1|     -|       yes|     -|   -|            -|       512 (~0%)|    -|
    |   + mix_words     |     -|  0.78|        0|    0.000|         -|        1|     -|       yes|     -|   -|            -|       512 (~0%)|    -|
    |   + mix_words     |     -|  0.78|        0|    0.000|         -|        1|     -|       yes|     -|   -|            -|       512 (~0%)|    -|
    |   + mix_words     |     -|  0.78|        0|    0.000|         -|        1|     -|       yes|     -|   -|            -|       512 (~0%)|    -|
    |   + mix_words     |     -|  0.78|        0|    0.000|         -|        1|     -|       yes|     -|   -|            -|       512 (~0%)|    -|
    |   + mix_words     |     -|  0.78|        0|    0.000|         -|        1|     -|       yes|     -|   -|            -|       512 (~0%)|    -|
    |   + mix_words     |     -|  0.78|        0|    0.000|         -|        1|     -|       yes|     -|   -|            -|       512 (~0%)|    -|
    |   + mix_words     |     -|  0.78|        0|    0.000|         -|        1|     -|       yes|     -|   -|            -|       512 (~0%)|    -|
    |   + mix_words     |     -|  0.78|        0|    0.000|         -|        1|     -|       yes|     -|   -|            -|       512 (~0%)|    -|
    |   + mix_words     |     -|  0.78|        0|    0.000|         -|        1|     -|       yes|     -|   -|            -|       512 (~0%)|    -|
    |   + mix_words     |     -|  0.78|        0|    0.000|         -|        1|     -|       yes|     -|   -|            -|       512 (~0%)|    -|
    |   + mix_words     |     -|  0.78|        0|    0.000|         -|        1|     -|       yes|     -|   -|            -|       512 (~0%)|    -|
    |   + mix_words     |     -|  0.78|        0|    0.000|         -|        1|     -|       yes|     -|   -|            -|       512 (~0%)|    -|
    |   + mix_words     |     -|  0.78|        0|    0.000|         -|        1|     -|       yes|     -|   -|            -|       512 (~0%)|    -|
    |   + mix_words     |     -|  0.78|        0|    0.000|         -|        1|     -|       yes|     -|   -|            -|       512 (~0%)|    -|
    |   + mix_words     |     -|  0.78|        0|    0.000|         -|        1|     -|       yes|     -|   -|            -|       512 (~0%)|    -|
    |   + mix_words     |     -|  0.78|        0|    0.000|         -|        1|     -|       yes|     -|   -|            -|       512 (~0%)|    -|
    |   + mix_words     |     -|  0.78|        0|    0.000|         -|        1|     -|       yes|     -|   -|            -|       512 (~0%)|    -|
    |   + mix_words     |     -|  0.78|        0|    0.000|         -|        1|     -|       yes|     -|   -|            -|       512 (~0%)|    -|
    |   + mix_words     |     -|  0.78|        0|    0.000|         -|        1|     -|       yes|     -|   -|            -|       512 (~0%)|    -|
    |   + mix_words     |     -|  0.78|        0|    0.000|         -|        1|     -|       yes|     -|   -|            -|       512 (~0%)|    -|
    |   + mix_words     |     -|  0.78|        0|    0.000|         -|        1|     -|       yes|     -|   -|            -|       512 (~0%)|    -|
    |   + mix_words     |     -|  0.78|        0|    0.000|         -|        1|     -|       yes|     -|   -|            -|       512 (~0%)|    -|
    |   + mix_words     |     -|  0.78|        0|    0.000|         -|        1|     -|       yes|     -|   -|            -|       512 (~0%)|    -|
    |   + mix_words     |     -|  0.78|        0|    0.000|         -|        1|     -|       yes|     -|   -|            -|       512 (~0%)|    -|
    |   + mix_words     |     -|  0.78|        0|    0.000|         -|        1|     -|       yes|     -|   -|            -|       512 (~0%)|    -|
    |   + mix_words     |     -|  0.78|        0|    0.000|         -|        1|     -|       yes|     -|   -|            -|       512 (~0%)|    -|
    |   + mix_words     |     -|  0.78|        0|    0.000|         -|        1|     -|       yes|     -|   -|            -|       512 (~0%)|    -|
    |   + mix_words     |     -|  0.78|        0|    0.000|         -|        1|     -|       yes|     -|   -|            -|       512 (~0%)|    -|
    |   + mix_words     |     -|  0.78|        0|    0.000|         -|        1|     -|       yes|     -|   -|            -|       512 (~0%)|    -|
    |   + mix_words     |     -|  0.78|        0|    0.000|         -|        1|     -|       yes|     -|   -|            -|       512 (~0%)|    -|
    | + round_2         |     -|  0.03|      123|  273.306|         -|       97|     -|       yes|     -|   -|   20799 (2%)|    145429 (33%)|    -|
    |  + inject_1       |     -|  0.13|       92|  204.424|         -|       45|     -|       yes|     -|   -|    9264 (1%)|       7467 (1%)|    -|
    |   + mul2_1        |     -|  1.41|        0|    0.000|         -|        1|     -|       yes|     -|   -|            -|        96 (~0%)|    -|
    |  + permute_1      |     -|  0.03|       19|   42.218|         -|        3|     -|       yes|     -|   -|   8362 (~0%)|    136012 (30%)|    -|
    |   + sub_crumbs_1  |     -|  0.78|        0|    0.000|         -|        1|     -|       yes|     -|   -|            -|       8960 (2%)|    -|
    |   + sub_crumbs_1  |     -|  0.78|        0|    0.000|         -|        1|     -|       yes|     -|   -|            -|       8960 (2%)|    -|
    |   + sub_crumbs_1  |     -|  0.78|        0|    0.000|         -|        1|     -|       yes|     -|   -|            -|       8960 (2%)|    -|
    |   + sub_crumbs_1  |     -|  0.78|        0|    0.000|         -|        1|     -|       yes|     -|   -|            -|       8960 (2%)|    -|
    |   + sub_crumbs_1  |     -|  0.78|        0|    0.000|         -|        1|     -|       yes|     -|   -|            -|       8960 (2%)|    -|
    |   + sub_crumbs_1  |     -|  0.78|        0|    0.000|         -|        1|     -|       yes|     -|   -|            -|       8960 (2%)|    -|
    |   + sub_crumbs_1  |     -|  0.78|        0|    0.000|         -|        1|     -|       yes|     -|   -|            -|       8960 (2%)|    -|
    |   + sub_crumbs_1  |     -|  0.78|        0|    0.000|         -|        1|     -|       yes|     -|   -|            -|       8960 (2%)|    -|
    |   + sub_crumbs_1  |     -|  0.78|        0|    0.000|         -|        1|     -|       yes|     -|   -|            -|       8960 (2%)|    -|
    |   + sub_crumbs_1  |     -|  0.78|        0|    0.000|         -|        1|     -|       yes|     -|   -|            -|       8960 (2%)|    -|
    |   + sub_crumbs_1  |     -|  0.78|        0|    0.000|         -|        1|     -|       yes|     -|   -|            -|       8960 (2%)|    -|
    |   + sub_crumbs_1  |     -|  0.78|        0|    0.000|         -|        1|     -|       yes|     -|   -|            -|       8960 (2%)|    -|
    |   + sub_crumbs_1  |     -|  0.78|        0|    0.000|         -|        1|     -|       yes|     -|   -|            -|       8960 (2%)|    -|
    |   + sub_crumbs_1  |     -|  0.78|        0|    0.000|         -|        1|     -|       yes|     -|   -|            -|       8960 (2%)|    -|
    |   + mix_words_1   |     -|  0.78|        0|    0.000|         -|        1|     -|       yes|     -|   -|            -|       512 (~0%)|    -|
    |   + mix_words_1   |     -|  0.78|        0|    0.000|         -|        1|     -|       yes|     -|   -|            -|       512 (~0%)|    -|
    |   + mix_words_1   |     -|  0.78|        0|    0.000|         -|        1|     -|       yes|     -|   -|            -|       512 (~0%)|    -|
    |   + mix_words_1   |     -|  0.78|        0|    0.000|         -|        1|     -|       yes|     -|   -|            -|       512 (~0%)|    -|
    |   + mix_words_1   |     -|  0.78|        0|    0.000|         -|        1|     -|       yes|     -|   -|            -|       512 (~0%)|    -|
    |   + mix_words_1   |     -|  0.78|        0|    0.000|         -|        1|     -|       yes|     -|   -|            -|       512 (~0%)|    -|
    |   + mix_words_1   |     -|  0.78|        0|    0.000|         -|        1|     -|       yes|     -|   -|            -|       512 (~0%)|    -|
    |   + mix_words_1   |     -|  0.78|        0|    0.000|         -|        1|     -|       yes|     -|   -|            -|       512 (~0%)|    -|
    |   + mix_words_1   |     -|  0.78|        0|    0.000|         -|        1|     -|       yes|     -|   -|            -|       512 (~0%)|    -|
    |   + mix_words_1   |     -|  0.78|        0|    0.000|         -|        1|     -|       yes|     -|   -|            -|       512 (~0%)|    -|
    |   + mix_words_1   |     -|  0.78|        0|    0.000|         -|        1|     -|       yes|     -|   -|            -|       512 (~0%)|    -|
    |   + mix_words_1   |     -|  0.78|        0|    0.000|         -|        1|     -|       yes|     -|   -|            -|       512 (~0%)|    -|
    |   + mix_words_1   |     -|  0.78|        0|    0.000|         -|        1|     -|       yes|     -|   -|            -|       512 (~0%)|    -|
    |   + mix_words_1   |     -|  0.78|        0|    0.000|         -|        1|     -|       yes|     -|   -|            -|       512 (~0%)|    -|
    | + round_2         |     -|  0.03|      123|  273.306|         -|       97|     -|       yes|     -|   -|   20799 (2%)|    145429 (33%)|    -|
    |  + inject_1       |     -|  0.13|       92|  204.424|         -|       45|     -|       yes|     -|   -|    9264 (1%)|       7467 (1%)|    -|
    |   + mul2_1        |     -|  1.41|        0|    0.000|         -|        1|     -|       yes|     -|   -|            -|        96 (~0%)|    -|
    |  + permute_1      |     -|  0.03|       19|   42.218|         -|        3|     -|       yes|     -|   -|   8362 (~0%)|    136012 (30%)|    -|
    |   + sub_crumbs_1  |     -|  0.78|        0|    0.000|         -|        1|     -|       yes|     -|   -|            -|       8960 (2%)|    -|
    |   + sub_crumbs_1  |     -|  0.78|        0|    0.000|         -|        1|     -|       yes|     -|   -|            -|       8960 (2%)|    -|
    |   + sub_crumbs_1  |     -|  0.78|        0|    0.000|         -|        1|     -|       yes|     -|   -|            -|       8960 (2%)|    -|
    |   + sub_crumbs_1  |     -|  0.78|        0|    0.000|         -|        1|     -|       yes|     -|   -|            -|       8960 (2%)|    -|
    |   + sub_crumbs_1  |     -|  0.78|        0|    0.000|         -|        1|     -|       yes|     -|   -|            -|       8960 (2%)|    -|
    |   + sub_crumbs_1  |     -|  0.78|        0|    0.000|         -|        1|     -|       yes|     -|   -|            -|       8960 (2%)|    -|
    |   + sub_crumbs_1  |     -|  0.78|        0|    0.000|         -|        1|     -|       yes|     -|   -|            -|       8960 (2%)|    -|
    |   + sub_crumbs_1  |     -|  0.78|        0|    0.000|         -|        1|     -|       yes|     -|   -|            -|       8960 (2%)|    -|
    |   + sub_crumbs_1  |     -|  0.78|        0|    0.000|         -|        1|     -|       yes|     -|   -|            -|       8960 (2%)|    -|
    |   + sub_crumbs_1  |     -|  0.78|        0|    0.000|         -|        1|     -|       yes|     -|   -|            -|       8960 (2%)|    -|
    |   + sub_crumbs_1  |     -|  0.78|        0|    0.000|         -|        1|     -|       yes|     -|   -|            -|       8960 (2%)|    -|
    |   + sub_crumbs_1  |     -|  0.78|        0|    0.000|         -|        1|     -|       yes|     -|   -|            -|       8960 (2%)|    -|
    |   + sub_crumbs_1  |     -|  0.78|        0|    0.000|         -|        1|     -|       yes|     -|   -|            -|       8960 (2%)|    -|
    |   + sub_crumbs_1  |     -|  0.78|        0|    0.000|         -|        1|     -|       yes|     -|   -|            -|       8960 (2%)|    -|
    |   + mix_words_1   |     -|  0.78|        0|    0.000|         -|        1|     -|       yes|     -|   -|            -|       512 (~0%)|    -|
    |   + mix_words_1   |     -|  0.78|        0|    0.000|         -|        1|     -|       yes|     -|   -|            -|       512 (~0%)|    -|
    |   + mix_words_1   |     -|  0.78|        0|    0.000|         -|        1|     -|       yes|     -|   -|            -|       512 (~0%)|    -|
    |   + mix_words_1   |     -|  0.78|        0|    0.000|         -|        1|     -|       yes|     -|   -|            -|       512 (~0%)|    -|
    |   + mix_words_1   |     -|  0.78|        0|    0.000|         -|        1|     -|       yes|     -|   -|            -|       512 (~0%)|    -|
    |   + mix_words_1   |     -|  0.78|        0|    0.000|         -|        1|     -|       yes|     -|   -|            -|       512 (~0%)|    -|
    |   + mix_words_1   |     -|  0.78|        0|    0.000|         -|        1|     -|       yes|     -|   -|            -|       512 (~0%)|    -|
    |   + mix_words_1   |     -|  0.78|        0|    0.000|         -|        1|     -|       yes|     -|   -|            -|       512 (~0%)|    -|
    |   + mix_words_1   |     -|  0.78|        0|    0.000|         -|        1|     -|       yes|     -|   -|            -|       512 (~0%)|    -|
    |   + mix_words_1   |     -|  0.78|        0|    0.000|         -|        1|     -|       yes|     -|   -|            -|       512 (~0%)|    -|
    |   + mix_words_1   |     -|  0.78|        0|    0.000|         -|        1|     -|       yes|     -|   -|            -|       512 (~0%)|    -|
    |   + mix_words_1   |     -|  0.78|        0|    0.000|         -|        1|     -|       yes|     -|   -|            -|       512 (~0%)|    -|
    |   + mix_words_1   |     -|  0.78|        0|    0.000|         -|        1|     -|       yes|     -|   -|            -|       512 (~0%)|    -|
    |   + mix_words_1   |     -|  0.78|        0|    0.000|         -|        1|     -|       yes|     -|   -|            -|       512 (~0%)|    -|
    | + round           |     -|  0.15|       17|   37.774|         -|        1|     -|       yes|     -|   -|   24321 (2%)|    389584 (88%)|    -|
    |  + inject         |     -|  0.15|        0|    0.000|         -|        1|     -|       yes|     -|   -|            -|       7584 (1%)|    -|
    |   + mul2_1        |     -|  1.41|        0|    0.000|         -|        1|     -|       yes|     -|   -|            -|        96 (~0%)|    -|
    |   + mul2_1        |     -|  1.41|        0|    0.000|         -|        1|     -|       yes|     -|   -|            -|        96 (~0%)|    -|
    |   + mul2_1        |     -|  1.41|        0|    0.000|         -|        1|     -|       yes|     -|   -|            -|        96 (~0%)|    -|
    |   + mul2_1        |     -|  1.41|        0|    0.000|         -|        1|     -|       yes|     -|   -|            -|        96 (~0%)|    -|
    |   + mul2_1        |     -|  1.41|        0|    0.000|         -|        1|     -|       yes|     -|   -|            -|        96 (~0%)|    -|
    |   + mul2_1        |     -|  1.41|        0|    0.000|         -|        1|     -|       yes|     -|   -|            -|        96 (~0%)|    -|
    |   + mul2_1        |     -|  1.41|        0|    0.000|         -|        1|     -|       yes|     -|   -|            -|        96 (~0%)|    -|
    |   + mul2_1        |     -|  1.41|        0|    0.000|         -|        1|     -|       yes|     -|   -|            -|        96 (~0%)|    -|
    |   + mul2_1        |     -|  1.41|        0|    0.000|         -|        1|     -|       yes|     -|   -|            -|        96 (~0%)|    -|
    |   + mul2_1        |     -|  1.41|        0|    0.000|         -|        1|     -|       yes|     -|   -|            -|        96 (~0%)|    -|
    |   + mul2_1        |     -|  1.41|        0|    0.000|         -|        1|     -|       yes|     -|   -|            -|        96 (~0%)|    -|
    |  + permute        |     -|  0.57|       15|   33.330|         -|        1|     -|       yes|     -|   -|   20480 (2%)|    381440 (86%)|    -|
    |   + sub_crumbs    |     -|  0.78|        0|    0.000|         -|        1|     -|       yes|     -|   -|            -|       8960 (2%)|    -|
    |   + sub_crumbs    |     -|  0.78|        0|    0.000|         -|        1|     -|       yes|     -|   -|            -|       8960 (2%)|    -|
    |   + sub_crumbs    |     -|  0.78|        0|    0.000|         -|        1|     -|       yes|     -|   -|            -|       8960 (2%)|    -|
    |   + sub_crumbs    |     -|  0.78|        0|    0.000|         -|        1|     -|       yes|     -|   -|            -|       8960 (2%)|    -|
    |   + sub_crumbs    |     -|  0.78|        0|    0.000|         -|        1|     -|       yes|     -|   -|            -|       8960 (2%)|    -|
    |   + sub_crumbs    |     -|  0.78|        0|    0.000|         -|        1|     -|       yes|     -|   -|            -|       8960 (2%)|    -|
    |   + sub_crumbs    |     -|  0.78|        0|    0.000|         -|        1|     -|       yes|     -|   -|            -|       8960 (2%)|    -|
    |   + sub_crumbs    |     -|  0.78|        0|    0.000|         -|        1|     -|       yes|     -|   -|            -|       8960 (2%)|    -|
    |   + sub_crumbs    |     -|  0.78|        0|    0.000|         -|        1|     -|       yes|     -|   -|            -|       8960 (2%)|    -|
    |   + sub_crumbs    |     -|  0.78|        0|    0.000|         -|        1|     -|       yes|     -|   -|            -|       8960 (2%)|    -|
    |   + sub_crumbs    |     -|  0.78|        0|    0.000|         -|        1|     -|       yes|     -|   -|            -|       8960 (2%)|    -|
    |   + sub_crumbs    |     -|  0.78|        0|    0.000|         -|        1|     -|       yes|     -|   -|            -|       8960 (2%)|    -|
    |   + sub_crumbs    |     -|  0.78|        0|    0.000|         -|        1|     -|       yes|     -|   -|            -|       8960 (2%)|    -|
    |   + sub_crumbs    |     -|  0.78|        0|    0.000|         -|        1|     -|       yes|     -|   -|            -|       8960 (2%)|    -|
    |   + sub_crumbs    |     -|  0.78|        0|    0.000|         -|        1|     -|       yes|     -|   -|            -|       8960 (2%)|    -|
    |   + sub_crumbs    |     -|  0.78|        0|    0.000|         -|        1|     -|       yes|     -|   -|            -|       8960 (2%)|    -|
    |   + sub_crumbs    |     -|  0.78|        0|    0.000|         -|        1|     -|       yes|     -|   -|            -|       8960 (2%)|    -|
    |   + sub_crumbs    |     -|  0.78|        0|    0.000|         -|        1|     -|       yes|     -|   -|            -|       8960 (2%)|    -|
    |   + sub_crumbs    |     -|  0.78|        0|    0.000|         -|        1|     -|       yes|     -|   -|            -|       8960 (2%)|    -|
    |   + sub_crumbs    |     -|  0.78|        0|    0.000|         -|        1|     -|       yes|     -|   -|            -|       8960 (2%)|    -|
    |   + sub_crumbs    |     -|  0.78|        0|    0.000|         -|        1|     -|       yes|     -|   -|            -|       8960 (2%)|    -|
    |   + sub_crumbs    |     -|  0.78|        0|    0.000|         -|        1|     -|       yes|     -|   -|            -|       8960 (2%)|    -|
    |   + sub_crumbs    |     -|  0.78|        0|    0.000|         -|        1|     -|       yes|     -|   -|            -|       8960 (2%)|    -|
    |   + sub_crumbs    |     -|  0.78|        0|    0.000|         -|        1|     -|       yes|     -|   -|            -|       8960 (2%)|    -|
    |   + sub_crumbs    |     -|  0.78|        0|    0.000|         -|        1|     -|       yes|     -|   -|            -|       8960 (2%)|    -|
    |   + sub_crumbs    |     -|  0.78|        0|    0.000|         -|        1|     -|       yes|     -|   -|            -|       8960 (2%)|    -|
    |   + sub_crumbs    |     -|  0.78|        0|    0.000|         -|        1|     -|       yes|     -|   -|            -|       8960 (2%)|    -|
    |   + sub_crumbs    |     -|  0.78|        0|    0.000|         -|        1|     -|       yes|     -|   -|            -|       8960 (2%)|    -|
    |   + sub_crumbs    |     -|  0.78|        0|    0.000|         -|        1|     -|       yes|     -|   -|            -|       8960 (2%)|    -|
    |   + sub_crumbs    |     -|  0.78|        0|    0.000|         -|        1|     -|       yes|     -|   -|            -|       8960 (2%)|    -|
    |   + sub_crumbs    |     -|  0.78|        0|    0.000|         -|        1|     -|       yes|     -|   -|            -|       8960 (2%)|    -|
    |   + sub_crumbs    |     -|  0.78|        0|    0.000|         -|        1|     -|       yes|     -|   -|            -|       8960 (2%)|    -|
    |   + sub_crumbs    |     -|  0.78|        0|    0.000|         -|        1|     -|       yes|     -|   -|            -|       8960 (2%)|    -|
    |   + sub_crumbs    |     -|  0.78|        0|    0.000|         -|        1|     -|       yes|     -|   -|            -|       8960 (2%)|    -|
    |   + sub_crumbs    |     -|  0.78|        0|    0.000|         -|        1|     -|       yes|     -|   -|            -|       8960 (2%)|    -|
    |   + sub_crumbs    |     -|  0.78|        0|    0.000|         -|        1|     -|       yes|     -|   -|            -|       8960 (2%)|    -|
    |   + sub_crumbs    |     -|  0.78|        0|    0.000|         -|        1|     -|       yes|     -|   -|            -|       8960 (2%)|    -|
    |   + sub_crumbs    |     -|  0.78|        0|    0.000|         -|        1|     -|       yes|     -|   -|            -|       8960 (2%)|    -|
    |   + sub_crumbs    |     -|  0.78|        0|    0.000|         -|        1|     -|       yes|     -|   -|            -|       8960 (2%)|    -|
    |   + sub_crumbs    |     -|  0.78|        0|    0.000|         -|        1|     -|       yes|     -|   -|            -|       8960 (2%)|    -|
    |   + mix_words     |     -|  0.78|        0|    0.000|         -|        1|     -|       yes|     -|   -|            -|       512 (~0%)|    -|
    |   + mix_words     |     -|  0.78|        0|    0.000|         -|        1|     -|       yes|     -|   -|            -|       512 (~0%)|    -|
    |   + mix_words     |     -|  0.78|        0|    0.000|         -|        1|     -|       yes|     -|   -|            -|       512 (~0%)|    -|
    |   + mix_words     |     -|  0.78|        0|    0.000|         -|        1|     -|       yes|     -|   -|            -|       512 (~0%)|    -|
    |   + mix_words     |     -|  0.78|        0|    0.000|         -|        1|     -|       yes|     -|   -|            -|       512 (~0%)|    -|
    |   + mix_words     |     -|  0.78|        0|    0.000|         -|        1|     -|       yes|     -|   -|            -|       512 (~0%)|    -|
    |   + mix_words     |     -|  0.78|        0|    0.000|         -|        1|     -|       yes|     -|   -|            -|       512 (~0%)|    -|
    |   + mix_words     |     -|  0.78|        0|    0.000|         -|        1|     -|       yes|     -|   -|            -|       512 (~0%)|    -|
    |   + mix_words     |     -|  0.78|        0|    0.000|         -|        1|     -|       yes|     -|   -|            -|       512 (~0%)|    -|
    |   + mix_words     |     -|  0.78|        0|    0.000|         -|        1|     -|       yes|     -|   -|            -|       512 (~0%)|    -|
    |   + mix_words     |     -|  0.78|        0|    0.000|         -|        1|     -|       yes|     -|   -|            -|       512 (~0%)|    -|
    |   + mix_words     |     -|  0.78|        0|    0.000|         -|        1|     -|       yes|     -|   -|            -|       512 (~0%)|    -|
    |   + mix_words     |     -|  0.78|        0|    0.000|         -|        1|     -|       yes|     -|   -|            -|       512 (~0%)|    -|
    |   + mix_words     |     -|  0.78|        0|    0.000|         -|        1|     -|       yes|     -|   -|            -|       512 (~0%)|    -|
    |   + mix_words     |     -|  0.78|        0|    0.000|         -|        1|     -|       yes|     -|   -|            -|       512 (~0%)|    -|
    |   + mix_words     |     -|  0.78|        0|    0.000|         -|        1|     -|       yes|     -|   -|            -|       512 (~0%)|    -|
    |   + mix_words     |     -|  0.78|        0|    0.000|         -|        1|     -|       yes|     -|   -|            -|       512 (~0%)|    -|
    |   + mix_words     |     -|  0.78|        0|    0.000|         -|        1|     -|       yes|     -|   -|            -|       512 (~0%)|    -|
    |   + mix_words     |     -|  0.78|        0|    0.000|         -|        1|     -|       yes|     -|   -|            -|       512 (~0%)|    -|
    |   + mix_words     |     -|  0.78|        0|    0.000|         -|        1|     -|       yes|     -|   -|            -|       512 (~0%)|    -|
    |   + mix_words     |     -|  0.78|        0|    0.000|         -|        1|     -|       yes|     -|   -|            -|       512 (~0%)|    -|
    |   + mix_words     |     -|  0.78|        0|    0.000|         -|        1|     -|       yes|     -|   -|            -|       512 (~0%)|    -|
    |   + mix_words     |     -|  0.78|        0|    0.000|         -|        1|     -|       yes|     -|   -|            -|       512 (~0%)|    -|
    |   + mix_words     |     -|  0.78|        0|    0.000|         -|        1|     -|       yes|     -|   -|            -|       512 (~0%)|    -|
    |   + mix_words     |     -|  0.78|        0|    0.000|         -|        1|     -|       yes|     -|   -|            -|       512 (~0%)|    -|
    |   + mix_words     |     -|  0.78|        0|    0.000|         -|        1|     -|       yes|     -|   -|            -|       512 (~0%)|    -|
    |   + mix_words     |     -|  0.78|        0|    0.000|         -|        1|     -|       yes|     -|   -|            -|       512 (~0%)|    -|
    |   + mix_words     |     -|  0.78|        0|    0.000|         -|        1|     -|       yes|     -|   -|            -|       512 (~0%)|    -|
    |   + mix_words     |     -|  0.78|        0|    0.000|         -|        1|     -|       yes|     -|   -|            -|       512 (~0%)|    -|
    |   + mix_words     |     -|  0.78|        0|    0.000|         -|        1|     -|       yes|     -|   -|            -|       512 (~0%)|    -|
    |   + mix_words     |     -|  0.78|        0|    0.000|         -|        1|     -|       yes|     -|   -|            -|       512 (~0%)|    -|
    |   + mix_words     |     -|  0.78|        0|    0.000|         -|        1|     -|       yes|     -|   -|            -|       512 (~0%)|    -|
    |   + mix_words     |     -|  0.78|        0|    0.000|         -|        1|     -|       yes|     -|   -|            -|       512 (~0%)|    -|
    |   + mix_words     |     -|  0.78|        0|    0.000|         -|        1|     -|       yes|     -|   -|            -|       512 (~0%)|    -|
    |   + mix_words     |     -|  0.78|        0|    0.000|         -|        1|     -|       yes|     -|   -|            -|       512 (~0%)|    -|
    |   + mix_words     |     -|  0.78|        0|    0.000|         -|        1|     -|       yes|     -|   -|            -|       512 (~0%)|    -|
    |   + mix_words     |     -|  0.78|        0|    0.000|         -|        1|     -|       yes|     -|   -|            -|       512 (~0%)|    -|
    |   + mix_words     |     -|  0.78|        0|    0.000|         -|        1|     -|       yes|     -|   -|            -|       512 (~0%)|    -|
    |   + mix_words     |     -|  0.78|        0|    0.000|         -|        1|     -|       yes|     -|   -|            -|       512 (~0%)|    -|
    |   + mix_words     |     -|  0.78|        0|    0.000|         -|        1|     -|       yes|     -|   -|            -|       512 (~0%)|    -|
    +-------------------+------+------+---------+---------+----------+---------+------+----------+------+----+-------------+----------------+-----+


================================================================
== HW Interfaces
================================================================
* REGISTER
+-----------+---------+----------+
| Interface | Mode    | Bitwidth |
+-----------+---------+----------+
| ap_return |         | 1024     |
| msg       | ap_none | 1024     |
+-----------+---------+----------+

* TOP LEVEL CONTROL
+-----------+--------------+--------+
| Interface | Type         | Ports  |
+-----------+--------------+--------+
| ap_clk    | clock        | ap_clk |
| ap_ctrl   | ap_ctrl_none |        |
+-----------+--------------+--------+


================================================================
== SW I/O Information
================================================================
* Top Function Arguments
+----------+-----------+------------+
| Argument | Direction | Datatype   |
+----------+-----------+------------+
| msg      | in        | hash_pkt_t |
| return   | out       | hash_pkt_t |
+----------+-----------+------------+

* SW-to-HW Mapping
+----------+--------------+---------+
| Argument | HW Interface | HW Type |
+----------+--------------+---------+
| msg      | msg          | port    |
| return   | ap_return    | port    |
+----------+--------------+---------+


================================================================
== M_AXI Burst Information
================================================================
 Note: All burst requests might be further partitioned into multiple requests during RTL generation based on max_read_burst_length or max_write_burst_length settings.

  No burst in design

================================================================
== Bind Op Report
================================================================
  No bind op info in design

================================================================
== Bind Storage Report
================================================================
+-------------------+------+------+--------+-------------+---------+------+---------+
| Name              | BRAM | URAM | Pragma | Variable    | Storage | Impl | Latency |
+-------------------+------+------+--------+-------------+---------+------+---------+
| + luffa_tail      | 0    | 0    |        |             |         |      |         |
|  + round_2        | 0    | 0    |        |             |         |      |         |
|    ref_tmp_U      | -    | -    |        | ref_tmp     | ram_t2p | auto | 1       |
|    agg_tmp_U      | -    | -    |        | agg_tmp     | ram_t2p | auto | 1       |
|    ref_tmp2_U     | -    | -    |        | ref_tmp2    | ram_t2p | auto | 1       |
|    agg_tmp3_U     | -    | -    |        | agg_tmp3    | ram_t2p | auto | 1       |
|   + inject_1      | 0    | 0    |        |             |         |      |         |
|     agg_tmp_buf_U | -    | -    |        | agg_tmp_buf | ram_t2p | auto | 1       |
|  + round_2        | 0    | 0    |        |             |         |      |         |
|    ref_tmp_U      | -    | -    |        | ref_tmp     | ram_t2p | auto | 1       |
|    agg_tmp_U      | -    | -    |        | agg_tmp     | ram_t2p | auto | 1       |
|    ref_tmp2_U     | -    | -    |        | ref_tmp2    | ram_t2p | auto | 1       |
|    agg_tmp3_U     | -    | -    |        | agg_tmp3    | ram_t2p | auto | 1       |
|   + inject_1      | 0    | 0    |        |             |         |      |         |
|     agg_tmp_buf_U | -    | -    |        | agg_tmp_buf | ram_t2p | auto | 1       |
+-------------------+------+------+--------+-------------+---------+------+---------+


================================================================
== User Pragma Report
================================================================
* Valid Pragma Syntax
+-----------+--------------------------+----------------------------------------------------+
| Type      | Options                  | Location                                           |
+-----------+--------------------------+----------------------------------------------------+
| inline    |                          | ../include/hw/./warphash.h:73 in rotr              |
| inline    |                          | ../include/hw/./warphash.h:81 in rotl              |
| inline    |                          | ../include/hw/./warphash.h:89 in concat_vector     |
| inline    |                          | ../include/hw/./warphash.h:99 in reverse_bytes_128 |
| inline    |                          | ../include/hw/./warphash.h:108 in reverse_bytes_64 |
| inline    |                          | ../include/hw/./warphash.h:117 in reverse_bytes_32 |
| pipeline  | II=1                     | ../src/hw/core/luffa.cpp:180 in luffa_head         |
| pipeline  | II=1                     | ../src/hw/core/luffa.cpp:198 in luffa_tail         |
| interface | ap_none port=msg         | DIRECTIVE in luffa_tail, msg                       |
| interface | ap_ctrl_none port=return | DIRECTIVE in luffa_tail, return                    |
+-----------+--------------------------+----------------------------------------------------+


