

================================================================
== Synthesis Summary Report of 'bmw_tail'
================================================================
+ General Information: 
    * Date:           Fri Apr  1 03:26:43 2022
    * Version:        2021.2 (Build 3367213 on Tue Oct 19 02:47:39 MDT 2021)
    * Project:        bmw_tail
    * Solution:       bmw_tail_f450 (Vivado IP Flow Target)
    * Product family: virtexuplus
    * Target device:  xcvu33p-fsvh2104-2-e
    

+ Performance & Resource Estimates: 
    
    PS: '+' for module; 'o' for loop; '*' for dataflow
    +--------------+------+------+---------+---------+----------+---------+------+----------+------+----+--------------+--------------+-----+
    |    Modules   | Issue|      | Latency | Latency | Iteration|         | Trip |          |      |    |              |              |     |
    |    & Loops   | Type | Slack| (cycles)|   (ns)  |  Latency | Interval| Count| Pipelined| BRAM | DSP|      FF      |      LUT     | URAM|
    +--------------+------+------+---------+---------+----------+---------+------+----------+------+----+--------------+--------------+-----+
    |+ bmw_tail    |     -|  0.18|      140|  311.080|         -|        1|     -|       yes|     -|   -|  111917 (12%)|  105866 (24%)|    -|
    | + bmw        |     -|  0.18|      139|  308.858|         -|        1|     -|       yes|     -|   -|  111341 (12%)|  105834 (24%)|    -|
    |  + compress  |     -|  0.18|       68|  151.096|         -|        1|     -|       yes|     -|   -|    54417 (6%)|   52910 (12%)|    -|
    |  + compress  |     -|  0.18|       68|  151.096|         -|        1|     -|       yes|     -|   -|    54417 (6%)|   52910 (12%)|    -|
    +--------------+------+------+---------+---------+----------+---------+------+----------+------+----+--------------+--------------+-----+


================================================================
== HW Interfaces
================================================================
* REGISTER
+-----------+---------+----------+
| Interface | Mode    | Bitwidth |
+-----------+---------+----------+
| ap_return |         | 1024     |
| msg       | ap_none | 1024     |
+-----------+---------+----------+

* TOP LEVEL CONTROL
+-----------+--------------+--------+
| Interface | Type         | Ports  |
+-----------+--------------+--------+
| ap_clk    | clock        | ap_clk |
| ap_ctrl   | ap_ctrl_none |        |
+-----------+--------------+--------+


================================================================
== SW I/O Information
================================================================
* Top Function Arguments
+----------+-----------+------------+
| Argument | Direction | Datatype   |
+----------+-----------+------------+
| msg      | in        | hash_pkt_t |
| return   | out       | hash_pkt_t |
+----------+-----------+------------+

* SW-to-HW Mapping
+----------+--------------+---------+
| Argument | HW Interface | HW Type |
+----------+--------------+---------+
| msg      | msg          | port    |
| return   | ap_return    | port    |
+----------+--------------+---------+


================================================================
== Bind Op Report
================================================================
+------------------------------+-----+--------+---------------+-----+--------+---------+
| Name                         | DSP | Pragma | Variable      | Op  | Impl   | Latency |
+------------------------------+-----+--------+---------------+-----+--------+---------+
| + bmw_tail                   | 0   |        |               |     |        |         |
|  + bmw                       | 0   |        |               |     |        |         |
|   + compress                 | 0   |        |               |     |        |         |
|     add_ln229_fu_1144_p2     | -   |        | add_ln229     | add | tadder | 0       |
|     add_ln229_1_fu_1150_p2   | -   |        | add_ln229_1   | add | tadder | 0       |
|     sub_ln229_fu_1503_p2     | -   |        | sub_ln229     | add | tadder | 0       |
|     tmp_V_fu_1507_p2         | -   |        | tmp_V         | add | tadder | 0       |
|     add_ln229_3_fu_1163_p2   | -   |        | add_ln229_3   | add | tadder | 0       |
|     sub_ln229_1_fu_1169_p2   | -   |        | sub_ln229_1   | add | tadder | 0       |
|     sub_ln229_2_fu_1512_p2   | -   |        | sub_ln229_2   | add | tadder | 0       |
|     tmp_V_3_fu_1516_p2       | -   |        | tmp_V_3       | add | tadder | 0       |
|     add_ln229_5_fu_672_p2    | -   |        | add_ln229_5   | add | tadder | 0       |
|     add_ln229_6_fu_678_p2    | -   |        | add_ln229_6   | add | tadder | 0       |
|     sub_ln229_3_fu_1174_p2   | -   |        | sub_ln229_3   | add | tadder | 0       |
|     tmp_V_6_fu_1178_p2       | -   |        | tmp_V_6       | add | tadder | 0       |
|     sub_ln229_4_fu_710_p2    | -   |        | sub_ln229_4   | add | tadder | 0       |
|     add_ln229_8_fu_716_p2    | -   |        | add_ln229_8   | add | tadder | 0       |
|     sub_ln229_5_fu_1183_p2   | -   |        | sub_ln229_5   | add | tadder | 0       |
|     tmp_V_9_fu_1188_p2       | -   |        | tmp_V_9       | add | tadder | 0       |
|     sub_ln229_6_fu_1197_p2   | -   |        | sub_ln229_6   | add | tadder | 0       |
|     sub_ln229_7_fu_1202_p2   | -   |        | sub_ln229_7   | add | tadder | 0       |
|     add_ln229_10_fu_1521_p2  | -   |        | add_ln229_10  | add | tadder | 0       |
|     rhs_V_28_fu_1525_p2      | -   |        | rhs_V_28      | add | tadder | 0       |
|     add_ln229_12_fu_1212_p2  | -   |        | add_ln229_12  | add | tadder | 0       |
|     sub_ln229_8_fu_1217_p2   | -   |        | sub_ln229_8   | add | tadder | 0       |
|     sub_ln229_9_fu_1530_p2   | -   |        | sub_ln229_9   | add | tadder | 0       |
|     tmp_V_12_fu_1534_p2      | -   |        | tmp_V_12      | add | tadder | 0       |
|     sub_ln229_10_fu_1226_p2  | -   |        | sub_ln229_10  | add | tadder | 0       |
|     add_ln229_14_fu_1231_p2  | -   |        | add_ln229_14  | add | tadder | 0       |
|     sub_ln229_11_fu_1539_p2  | -   |        | sub_ln229_11  | add | tadder | 0       |
|     tmp_V_15_fu_1543_p2      | -   |        | tmp_V_15      | add | tadder | 0       |
|     sub_ln229_13_fu_1236_p2  | -   |        | sub_ln229_13  | add | tadder | 0       |
|     sub_ln229_14_fu_1241_p2  | -   |        | sub_ln229_14  | add | tadder | 0       |
|     sub_ln229_15_fu_1548_p2  | -   |        | sub_ln229_15  | add | tadder | 0       |
|     tmp_V_18_fu_1552_p2      | -   |        | tmp_V_18      | add | tadder | 0       |
|     add_ln229_15_fu_1247_p2  | -   |        | add_ln229_15  | add | tadder | 0       |
|     sub_ln229_17_fu_1252_p2  | -   |        | sub_ln229_17  | add | tadder | 0       |
|     sub_ln229_18_fu_1557_p2  | -   |        | sub_ln229_18  | add | tadder | 0       |
|     tmp_V_21_fu_1561_p2      | -   |        | tmp_V_21      | add | tadder | 0       |
|     sub_ln229_20_fu_1257_p2  | -   |        | sub_ln229_20  | add | tadder | 0       |
|     add_ln229_16_fu_1262_p2  | -   |        | add_ln229_16  | add | tadder | 0       |
|     sub_ln229_21_fu_1566_p2  | -   |        | sub_ln229_21  | add | tadder | 0       |
|     rhs_V_41_fu_1570_p2      | -   |        | rhs_V_41      | add | tadder | 0       |
|     add_ln229_18_fu_782_p2   | -   |        | add_ln229_18  | add | tadder | 0       |
|     sub_ln229_22_fu_788_p2   | -   |        | sub_ln229_22  | add | tadder | 0       |
|     sub_ln229_23_fu_1268_p2  | -   |        | sub_ln229_23  | add | tadder | 0       |
|     tmp_V_24_fu_1272_p2      | -   |        | tmp_V_24      | add | tadder | 0       |
|     sub_ln229_25_fu_1278_p2  | -   |        | sub_ln229_25  | add | tadder | 0       |
|     add_ln229_19_fu_1282_p2  | -   |        | add_ln229_19  | add | tadder | 0       |
|     sub_ln229_26_fu_1575_p2  | -   |        | sub_ln229_26  | add | tadder | 0       |
|     tmp_V_27_fu_1579_p2      | -   |        | tmp_V_27      | add | tadder | 0       |
|     add_ln229_20_fu_1287_p2  | -   |        | add_ln229_20  | add | tadder | 0       |
|     sub_ln229_28_fu_1292_p2  | -   |        | sub_ln229_28  | add | tadder | 0       |
|     add_ln229_21_fu_1584_p2  | -   |        | add_ln229_21  | add | tadder | 0       |
|     tmp_V_30_fu_1588_p2      | -   |        | tmp_V_30      | add | tadder | 0       |
|     add_ln223_fu_1593_p2     | -   |        | add_ln223     | add | tadder | 0       |
|     add_ln223_1_fu_1297_p2   | -   |        | add_ln223_1   | add | tadder | 0       |
|     add_ln223_2_fu_1302_p2   | -   |        | add_ln223_2   | add | tadder | 0       |
|     tmp_V_33_fu_1597_p2      | -   |        | tmp_V_33      | add | tadder | 0       |
|     sub_ln229_30_fu_1308_p2  | -   |        | sub_ln229_30  | add | tadder | 0       |
|     sub_ln229_31_fu_1314_p2  | -   |        | sub_ln229_31  | add | tadder | 0       |
|     sub_ln229_32_fu_1602_p2  | -   |        | sub_ln229_32  | add | tadder | 0       |
|     rhs_V_54_fu_1606_p2      | -   |        | rhs_V_54      | add | tadder | 0       |
|     add_ln229_23_fu_794_p2   | -   |        | add_ln229_23  | add | tadder | 0       |
|     sub_ln229_33_fu_800_p2   | -   |        | sub_ln229_33  | add | tadder | 0       |
|     sub_ln229_34_fu_1319_p2  | -   |        | sub_ln229_34  | add | tadder | 0       |
|     tmp_V_36_fu_1324_p2      | -   |        | tmp_V_36      | add | tadder | 0       |
|     tmp_V_299_fu_2668_p2     | -   |        | tmp_V_299     | add | fabric | 0       |
|     tmp_V_302_fu_2749_p2     | -   |        | tmp_V_302     | add | fabric | 0       |
|     tmp_V_305_fu_1687_p2     | -   |        | tmp_V_305     | add | fabric | 0       |
|     tmp_V_308_fu_1768_p2     | -   |        | tmp_V_308     | add | fabric | 0       |
|     tmp_V_311_fu_2772_p2     | -   |        | tmp_V_311     | add | fabric | 0       |
|     tmp_V_314_fu_2853_p2     | -   |        | tmp_V_314     | add | fabric | 0       |
|     tmp_V_317_fu_2934_p2     | -   |        | tmp_V_317     | add | fabric | 0       |
|     tmp_V_320_fu_3015_p2     | -   |        | tmp_V_320     | add | fabric | 0       |
|     tmp_V_323_fu_3096_p2     | -   |        | tmp_V_323     | add | fabric | 0       |
|     tmp_V_326_fu_3119_p2     | -   |        | tmp_V_326     | add | fabric | 0       |
|     tmp_V_329_fu_3200_p2     | -   |        | tmp_V_329     | add | fabric | 0       |
|     tmp_V_332_fu_3281_p2     | -   |        | tmp_V_332     | add | fabric | 0       |
|     tmp_V_335_fu_4939_p2     | -   |        | tmp_V_335     | add | fabric | 0       |
|     tmp_V_338_fu_5020_p2     | -   |        | tmp_V_338     | add | fabric | 0       |
|     tmp_V_341_fu_3304_p2     | -   |        | tmp_V_341     | add | fabric | 0       |
|     tmp_V_344_fu_1849_p2     | -   |        | tmp_V_344     | add | fabric | 0       |
|     add_ln229_24_fu_1348_p2  | -   |        | add_ln229_24  | add | fabric | 0       |
|     sub_ln229_36_fu_2100_p2  | -   |        | sub_ln229_36  | add | tadder | 0       |
|     add_ln229_25_fu_2104_p2  | -   |        | add_ln229_25  | add | tadder | 0       |
|     add_ln229_26_fu_6061_p2  | -   |        | add_ln229_26  | add | tadder | 0       |
|     add_ln229_27_fu_5459_p2  | -   |        | add_ln229_27  | add | fabric | 0       |
|     add_ln229_28_fu_6065_p2  | -   |        | add_ln229_28  | add | tadder | 0       |
|     add_ln229_29_fu_6070_p2  | -   |        | add_ln229_29  | add | tadder | 0       |
|     add_ln229_30_fu_5464_p2  | -   |        | add_ln229_30  | add | fabric | 0       |
|     add_ln229_31_fu_6074_p2  | -   |        | add_ln229_31  | add | tadder | 0       |
|     add_ln229_32_fu_6239_p2  | -   |        | add_ln229_32  | add | tadder | 0       |
|     add_ln229_33_fu_5469_p2  | -   |        | add_ln229_33  | add | fabric | 0       |
|     add_ln229_34_fu_5475_p2  | -   |        | add_ln229_34  | add | fabric | 0       |
|     add_ln229_35_fu_6079_p2  | -   |        | add_ln229_35  | add | tadder | 0       |
|     add_ln229_36_fu_5480_p2  | -   |        | add_ln229_36  | add | tadder | 0       |
|     add_ln229_37_fu_3921_p2  | -   |        | add_ln229_37  | add | tadder | 0       |
|     add_ln229_38_fu_3925_p2  | -   |        | add_ln229_38  | add | tadder | 0       |
|     add_ln229_39_fu_5484_p2  | -   |        | add_ln229_39  | add | tadder | 0       |
|     add_ln229_40_fu_6083_p2  | -   |        | add_ln229_40  | add | tadder | 0       |
|     tmp_V_377_fu_6243_p2     | -   |        | tmp_V_377     | add | tadder | 0       |
|     sub_ln229_37_fu_1366_p2  | -   |        | sub_ln229_37  | sub | fabric | 0       |
|     add_ln229_42_fu_2347_p2  | -   |        | add_ln229_42  | add | tadder | 0       |
|     add_ln229_43_fu_2352_p2  | -   |        | add_ln229_43  | add | tadder | 0       |
|     add_ln229_44_fu_6330_p2  | -   |        | add_ln229_44  | add | tadder | 0       |
|     add_ln229_45_fu_6136_p2  | -   |        | add_ln229_45  | add | fabric | 0       |
|     add_ln229_46_fu_6334_p2  | -   |        | add_ln229_46  | add | tadder | 0       |
|     add_ln229_47_fu_6141_p2  | -   |        | add_ln229_47  | add | tadder | 0       |
|     add_ln229_48_fu_5714_p2  | -   |        | add_ln229_48  | add | fabric | 0       |
|     add_ln229_49_fu_6145_p2  | -   |        | add_ln229_49  | add | tadder | 0       |
|     add_ln229_50_fu_6579_p2  | -   |        | add_ln229_50  | add | tadder | 0       |
|     add_ln229_51_fu_5719_p2  | -   |        | add_ln229_51  | add | fabric | 0       |
|     add_ln229_52_fu_6540_p2  | -   |        | add_ln229_52  | add | fabric | 0       |
|     add_ln229_53_fu_6570_p2  | -   |        | add_ln229_53  | add | tadder | 0       |
|     add_ln229_54_fu_6545_p2  | -   |        | add_ln229_54  | add | tadder | 0       |
|     add_ln229_55_fu_6423_p2  | -   |        | add_ln229_55  | add | tadder | 0       |
|     add_ln229_56_fu_6427_p2  | -   |        | add_ln229_56  | add | tadder | 0       |
|     add_ln229_57_fu_6549_p2  | -   |        | add_ln229_57  | add | tadder | 0       |
|     add_ln229_58_fu_6574_p2  | -   |        | add_ln229_58  | add | tadder | 0       |
|     rhs_V_209_fu_6583_p2     | -   |        | rhs_V_209     | add | tadder | 0       |
|     add_ln229_60_fu_1384_p2  | -   |        | add_ln229_60  | add | fabric | 0       |
|     add_ln229_61_fu_2391_p2  | -   |        | add_ln229_61  | add | tadder | 0       |
|     sub_ln229_38_fu_2396_p2  | -   |        | sub_ln229_38  | add | tadder | 0       |
|     add_ln229_62_fu_6442_p2  | -   |        | add_ln229_62  | add | tadder | 0       |
|     add_ln229_63_fu_6156_p2  | -   |        | add_ln229_63  | add | fabric | 0       |
|     add_ln229_64_fu_6448_p2  | -   |        | add_ln229_64  | add | tadder | 0       |
|     add_ln229_65_fu_6160_p2  | -   |        | add_ln229_65  | add | tadder | 0       |
|     add_ln229_66_fu_5741_p2  | -   |        | add_ln229_66  | add | fabric | 0       |
|     add_ln229_67_fu_6165_p2  | -   |        | add_ln229_67  | add | tadder | 0       |
|     add_ln229_68_fu_6791_p2  | -   |        | add_ln229_68  | add | tadder | 0       |
|     add_ln229_69_fu_5747_p2  | -   |        | add_ln229_69  | add | fabric | 0       |
|     add_ln229_70_fu_6746_p2  | -   |        | add_ln229_70  | add | fabric | 0       |
|     add_ln229_71_fu_6782_p2  | -   |        | add_ln229_71  | add | tadder | 0       |
|     add_ln229_72_fu_6750_p2  | -   |        | add_ln229_72  | add | tadder | 0       |
|     add_ln229_73_fu_6706_p2  | -   |        | add_ln229_73  | add | tadder | 0       |
|     add_ln229_74_fu_6711_p2  | -   |        | add_ln229_74  | add | tadder | 0       |
|     add_ln229_75_fu_6754_p2  | -   |        | add_ln229_75  | add | tadder | 0       |
|     add_ln229_76_fu_6786_p2  | -   |        | add_ln229_76  | add | tadder | 0       |
|     rhs_V_210_fu_6795_p2     | -   |        | rhs_V_210     | add | tadder | 0       |
|     add_ln229_78_fu_1026_p2  | -   |        | add_ln229_78  | add | fabric | 0       |
|     add_ln229_79_fu_1396_p2  | -   |        | add_ln229_79  | add | tadder | 0       |
|     sub_ln229_39_fu_1401_p2  | -   |        | sub_ln229_39  | add | tadder | 0       |
|     add_ln229_80_fu_6731_p2  | -   |        | add_ln229_80  | add | tadder | 0       |
|     add_ln229_81_fu_5768_p2  | -   |        | add_ln229_81  | add | fabric | 0       |
|     add_ln229_82_fu_6737_p2  | -   |        | add_ln229_82  | add | tadder | 0       |
|     add_ln229_83_fu_7012_p2  | -   |        | add_ln229_83  | add | tadder | 0       |
|     add_ln229_84_fu_6176_p2  | -   |        | add_ln229_84  | add | fabric | 0       |
|     add_ln229_85_fu_7016_p2  | -   |        | add_ln229_85  | add | tadder | 0       |
|     add_ln229_86_fu_7030_p2  | -   |        | add_ln229_86  | add | tadder | 0       |
|     add_ln229_87_fu_5774_p2  | -   |        | add_ln229_87  | add | fabric | 0       |
|     add_ln229_88_fu_6982_p2  | -   |        | add_ln229_88  | add | fabric | 0       |
|     add_ln229_89_fu_7021_p2  | -   |        | add_ln229_89  | add | tadder | 0       |
|     add_ln229_90_fu_6986_p2  | -   |        | add_ln229_90  | add | tadder | 0       |
|     add_ln229_91_fu_6929_p2  | -   |        | add_ln229_91  | add | tadder | 0       |
|     add_ln229_92_fu_6935_p2  | -   |        | add_ln229_92  | add | tadder | 0       |
|     add_ln229_93_fu_6991_p2  | -   |        | add_ln229_93  | add | tadder | 0       |
|     add_ln229_94_fu_7025_p2  | -   |        | add_ln229_94  | add | tadder | 0       |
|     rhs_V_211_fu_7034_p2     | -   |        | rhs_V_211     | add | tadder | 0       |
|     add_ln229_96_fu_1419_p2  | -   |        | add_ln229_96  | add | fabric | 0       |
|     add_ln229_97_fu_2415_p2  | -   |        | add_ln229_97  | add | tadder | 0       |
|     sub_ln229_40_fu_2420_p2  | -   |        | sub_ln229_40  | add | tadder | 0       |
|     add_ln229_98_fu_6954_p2  | -   |        | add_ln229_98  | add | tadder | 0       |
|     add_ln229_99_fu_6826_p2  | -   |        | add_ln229_99  | add | fabric | 0       |
|     add_ln229_100_fu_6960_p2 | -   |        | add_ln229_100 | add | tadder | 0       |
|     add_ln229_101_fu_6194_p2 | -   |        | add_ln229_101 | add | tadder | 0       |
|     add_ln229_102_fu_5809_p2 | -   |        | add_ln229_102 | add | fabric | 0       |
|     add_ln229_103_fu_6200_p2 | -   |        | add_ln229_103 | add | tadder | 0       |
|     add_ln229_104_fu_7239_p2 | -   |        | add_ln229_104 | add | tadder | 0       |
|     add_ln229_105_fu_5815_p2 | -   |        | add_ln229_105 | add | fabric | 0       |
|     add_ln229_106_fu_7201_p2 | -   |        | add_ln229_106 | add | fabric | 0       |
|     add_ln229_107_fu_7230_p2 | -   |        | add_ln229_107 | add | tadder | 0       |
|     add_ln229_108_fu_7205_p2 | -   |        | add_ln229_108 | add | tadder | 0       |
|     add_ln229_109_fu_7154_p2 | -   |        | add_ln229_109 | add | tadder | 0       |
|     add_ln229_110_fu_7159_p2 | -   |        | add_ln229_110 | add | tadder | 0       |
|     add_ln229_111_fu_7209_p2 | -   |        | add_ln229_111 | add | tadder | 0       |
|     add_ln229_112_fu_7234_p2 | -   |        | add_ln229_112 | add | tadder | 0       |
|     rhs_V_212_fu_7243_p2     | -   |        | rhs_V_212     | add | tadder | 0       |
|     add_ln229_114_fu_1437_p2 | -   |        | add_ln229_114 | add | fabric | 0       |
|     add_ln229_115_fu_2425_p2 | -   |        | add_ln229_115 | add | tadder | 0       |
|     sub_ln229_41_fu_2430_p2  | -   |        | sub_ln229_41  | add | tadder | 0       |
|     add_ln229_116_fu_7179_p2 | -   |        | add_ln229_116 | add | tadder | 0       |
|     add_ln229_117_fu_7065_p2 | -   |        | add_ln229_117 | add | fabric | 0       |
|     add_ln229_118_fu_7185_p2 | -   |        | add_ln229_118 | add | tadder | 0       |
|     add_ln229_119_fu_6217_p2 | -   |        | add_ln229_119 | add | tadder | 0       |
|     add_ln229_120_fu_5850_p2 | -   |        | add_ln229_120 | add | fabric | 0       |
|     add_ln229_121_fu_6223_p2 | -   |        | add_ln229_121 | add | tadder | 0       |
|     add_ln229_122_fu_7444_p2 | -   |        | add_ln229_122 | add | tadder | 0       |
|     add_ln229_123_fu_5856_p2 | -   |        | add_ln229_123 | add | fabric | 0       |
|     add_ln229_124_fu_7435_p2 | -   |        | add_ln229_124 | add | tadder | 0       |
|     add_ln229_125_fu_7409_p2 | -   |        | add_ln229_125 | add | tadder | 0       |
|     add_ln229_126_fu_7357_p2 | -   |        | add_ln229_126 | add | tadder | 0       |
|     add_ln229_127_fu_7362_p2 | -   |        | add_ln229_127 | add | tadder | 0       |
|     add_ln229_128_fu_7414_p2 | -   |        | add_ln229_128 | add | tadder | 0       |
|     add_ln229_129_fu_7439_p2 | -   |        | add_ln229_129 | add | tadder | 0       |
|     rhs_V_213_fu_7448_p2     | -   |        | rhs_V_213     | add | tadder | 0       |
|     sub_ln229_42_fu_1443_p2  | -   |        | sub_ln229_42  | sub | fabric | 0       |
|     add_ln229_131_fu_2441_p2 | -   |        | add_ln229_131 | add | tadder | 0       |
|     add_ln229_132_fu_2446_p2 | -   |        | add_ln229_132 | add | tadder | 0       |
|     add_ln229_133_fu_7381_p2 | -   |        | add_ln229_133 | add | tadder | 0       |
|     add_ln229_134_fu_7274_p2 | -   |        | add_ln229_134 | add | fabric | 0       |
|     add_ln229_135_fu_7387_p2 | -   |        | add_ln229_135 | add | tadder | 0       |
|     add_ln229_136_fu_6560_p2 | -   |        | add_ln229_136 | add | tadder | 0       |
|     add_ln229_137_fu_6459_p2 | -   |        | add_ln229_137 | add | fabric | 0       |
|     add_ln229_138_fu_6565_p2 | -   |        | add_ln229_138 | add | tadder | 0       |
|     add_ln229_139_fu_7646_p2 | -   |        | add_ln229_139 | add | tadder | 0       |
|     add_ln229_140_fu_5879_p2 | -   |        | add_ln229_140 | add | fabric | 0       |
|     add_ln229_141_fu_7608_p2 | -   |        | add_ln229_141 | add | fabric | 0       |
|     add_ln229_142_fu_7637_p2 | -   |        | add_ln229_142 | add | tadder | 0       |
|     add_ln229_143_fu_7612_p2 | -   |        | add_ln229_143 | add | tadder | 0       |
|     add_ln229_144_fu_7560_p2 | -   |        | add_ln229_144 | add | tadder | 0       |
|     add_ln229_145_fu_7566_p2 | -   |        | add_ln229_145 | add | tadder | 0       |
|     add_ln229_146_fu_7616_p2 | -   |        | add_ln229_146 | add | tadder | 0       |
|     add_ln229_147_fu_7641_p2 | -   |        | add_ln229_147 | add | tadder | 0       |
|     rhs_V_214_fu_7650_p2     | -   |        | rhs_V_214     | add | tadder | 0       |
|     add_ln229_149_fu_1449_p2 | -   |        | add_ln229_149 | add | fabric | 0       |
|     add_ln229_150_fu_2451_p2 | -   |        | add_ln229_150 | add | tadder | 0       |
|     sub_ln229_43_fu_2455_p2  | -   |        | sub_ln229_43  | add | tadder | 0       |
|     add_ln229_151_fu_7586_p2 | -   |        | add_ln229_151 | add | tadder | 0       |
|     add_ln229_152_fu_7479_p2 | -   |        | add_ln229_152 | add | fabric | 0       |
|     add_ln229_153_fu_7592_p2 | -   |        | add_ln229_153 | add | tadder | 0       |
|     add_ln229_154_fu_6771_p2 | -   |        | add_ln229_154 | add | tadder | 0       |
|     add_ln229_155_fu_6742_p2 | -   |        | add_ln229_155 | add | fabric | 0       |
|     add_ln229_156_fu_6777_p2 | -   |        | add_ln229_156 | add | tadder | 0       |
|     add_ln229_157_fu_7844_p2 | -   |        | add_ln229_157 | add | tadder | 0       |
|     add_ln229_158_fu_5902_p2 | -   |        | add_ln229_158 | add | fabric | 0       |
|     add_ln229_159_fu_7835_p2 | -   |        | add_ln229_159 | add | tadder | 0       |
|     add_ln229_160_fu_7809_p2 | -   |        | add_ln229_160 | add | tadder | 0       |
|     add_ln229_161_fu_7756_p2 | -   |        | add_ln229_161 | add | tadder | 0       |
|     add_ln229_162_fu_7761_p2 | -   |        | add_ln229_162 | add | tadder | 0       |
|     add_ln229_163_fu_7814_p2 | -   |        | add_ln229_163 | add | tadder | 0       |
|     add_ln229_164_fu_7839_p2 | -   |        | add_ln229_164 | add | tadder | 0       |
|     rhs_V_215_fu_7848_p2     | -   |        | rhs_V_215     | add | tadder | 0       |
|     add_ln229_166_fu_1455_p2 | -   |        | add_ln229_166 | add | fabric | 0       |
|     add_ln229_167_fu_2474_p2 | -   |        | add_ln229_167 | add | tadder | 0       |
|     sub_ln229_44_fu_2478_p2  | -   |        | sub_ln229_44  | add | tadder | 0       |
|     add_ln229_168_fu_7781_p2 | -   |        | add_ln229_168 | add | tadder | 0       |
|     add_ln229_169_fu_7681_p2 | -   |        | add_ln229_169 | add | fabric | 0       |
|     add_ln229_170_fu_7787_p2 | -   |        | add_ln229_170 | add | tadder | 0       |
|     add_ln229_171_fu_7002_p2 | -   |        | add_ln229_171 | add | tadder | 0       |
|     add_ln229_172_fu_6971_p2 | -   |        | add_ln229_172 | add | fabric | 0       |
|     add_ln229_173_fu_7007_p2 | -   |        | add_ln229_173 | add | tadder | 0       |
|     add_ln229_174_fu_8035_p2 | -   |        | add_ln229_174 | add | tadder | 0       |
|     add_ln229_175_fu_5925_p2 | -   |        | add_ln229_175 | add | fabric | 0       |
|     add_ln229_176_fu_8026_p2 | -   |        | add_ln229_176 | add | tadder | 0       |
|     add_ln229_177_fu_8000_p2 | -   |        | add_ln229_177 | add | tadder | 0       |
|     add_ln229_178_fu_7946_p2 | -   |        | add_ln229_178 | add | tadder | 0       |
|     add_ln229_179_fu_7952_p2 | -   |        | add_ln229_179 | add | tadder | 0       |
|     add_ln229_180_fu_8005_p2 | -   |        | add_ln229_180 | add | tadder | 0       |
|     add_ln229_181_fu_8030_p2 | -   |        | add_ln229_181 | add | tadder | 0       |
|     rhs_V_216_fu_8039_p2     | -   |        | rhs_V_216     | add | tadder | 0       |
|     add_ln229_183_fu_1461_p2 | -   |        | add_ln229_183 | add | fabric | 0       |
|     add_ln229_184_fu_2483_p2 | -   |        | add_ln229_184 | add | tadder | 0       |
|     sub_ln229_45_fu_2488_p2  | -   |        | sub_ln229_45  | add | tadder | 0       |
|     add_ln229_185_fu_7972_p2 | -   |        | add_ln229_185 | add | tadder | 0       |
|     add_ln229_186_fu_7879_p2 | -   |        | add_ln229_186 | add | fabric | 0       |
|     add_ln229_187_fu_7978_p2 | -   |        | add_ln229_187 | add | tadder | 0       |
|     add_ln229_188_fu_7220_p2 | -   |        | add_ln229_188 | add | tadder | 0       |
|     add_ln229_189_fu_7196_p2 | -   |        | add_ln229_189 | add | fabric | 0       |
|     add_ln229_190_fu_7225_p2 | -   |        | add_ln229_190 | add | tadder | 0       |
|     add_ln229_191_fu_8226_p2 | -   |        | add_ln229_191 | add | tadder | 0       |
|     add_ln229_192_fu_5948_p2 | -   |        | add_ln229_192 | add | fabric | 0       |
|     add_ln229_193_fu_8217_p2 | -   |        | add_ln229_193 | add | tadder | 0       |
|     add_ln229_194_fu_8191_p2 | -   |        | add_ln229_194 | add | tadder | 0       |
|     add_ln229_195_fu_8137_p2 | -   |        | add_ln229_195 | add | tadder | 0       |
|     add_ln229_196_fu_8143_p2 | -   |        | add_ln229_196 | add | tadder | 0       |
|     add_ln229_197_fu_8196_p2 | -   |        | add_ln229_197 | add | tadder | 0       |
|     add_ln229_198_fu_8221_p2 | -   |        | add_ln229_198 | add | tadder | 0       |
|     rhs_V_217_fu_8230_p2     | -   |        | rhs_V_217     | add | tadder | 0       |
|     add_ln229_200_fu_1467_p2 | -   |        | add_ln229_200 | add | fabric | 0       |
|     add_ln229_201_fu_2507_p2 | -   |        | add_ln229_201 | add | tadder | 0       |
|     sub_ln229_46_fu_2511_p2  | -   |        | sub_ln229_46  | add | tadder | 0       |
|     add_ln229_202_fu_8163_p2 | -   |        | add_ln229_202 | add | tadder | 0       |
|     add_ln229_203_fu_8070_p2 | -   |        | add_ln229_203 | add | fabric | 0       |
|     add_ln229_204_fu_8169_p2 | -   |        | add_ln229_204 | add | tadder | 0       |
|     add_ln229_205_fu_7425_p2 | -   |        | add_ln229_205 | add | tadder | 0       |
|     add_ln229_206_fu_7398_p2 | -   |        | add_ln229_206 | add | fabric | 0       |
|     add_ln229_207_fu_7430_p2 | -   |        | add_ln229_207 | add | tadder | 0       |
|     add_ln229_208_fu_8403_p2 | -   |        | add_ln229_208 | add | tadder | 0       |
|     add_ln229_209_fu_5971_p2 | -   |        | add_ln229_209 | add | fabric | 0       |
|     add_ln229_210_fu_8394_p2 | -   |        | add_ln229_210 | add | tadder | 0       |
|     add_ln229_211_fu_8367_p2 | -   |        | add_ln229_211 | add | tadder | 0       |
|     add_ln229_212_fu_8308_p2 | -   |        | add_ln229_212 | add | tadder | 0       |
|     add_ln229_213_fu_8314_p2 | -   |        | add_ln229_213 | add | tadder | 0       |
|     add_ln229_214_fu_8373_p2 | -   |        | add_ln229_214 | add | tadder | 0       |
|     add_ln229_215_fu_8398_p2 | -   |        | add_ln229_215 | add | tadder | 0       |
|     rhs_V_218_fu_8407_p2     | -   |        | rhs_V_218     | add | tadder | 0       |
|     add_ln229_217_fu_1473_p2 | -   |        | add_ln229_217 | add | fabric | 0       |
|     add_ln229_218_fu_2517_p2 | -   |        | add_ln229_218 | add | tadder | 0       |
|     sub_ln229_47_fu_2521_p2  | -   |        | sub_ln229_47  | add | tadder | 0       |
|     add_ln229_219_fu_8333_p2 | -   |        | add_ln229_219 | add | tadder | 0       |
|     add_ln229_220_fu_8261_p2 | -   |        | add_ln229_220 | add | fabric | 0       |
|     add_ln229_221_fu_8339_p2 | -   |        | add_ln229_221 | add | tadder | 0       |
|     add_ln229_222_fu_7627_p2 | -   |        | add_ln229_222 | add | tadder | 0       |
|     add_ln229_223_fu_7603_p2 | -   |        | add_ln229_223 | add | fabric | 0       |
|     add_ln229_224_fu_7632_p2 | -   |        | add_ln229_224 | add | tadder | 0       |
|     add_ln229_225_fu_8557_p2 | -   |        | add_ln229_225 | add | tadder | 0       |
|     add_ln229_226_fu_5994_p2 | -   |        | add_ln229_226 | add | fabric | 0       |
|     add_ln229_227_fu_8533_p2 | -   |        | add_ln229_227 | add | fabric | 0       |
|     add_ln229_228_fu_8548_p2 | -   |        | add_ln229_228 | add | tadder | 0       |
|     add_ln229_229_fu_8537_p2 | -   |        | add_ln229_229 | add | tadder | 0       |
|     add_ln229_230_fu_8485_p2 | -   |        | add_ln229_230 | add | tadder | 0       |
|     add_ln229_231_fu_8491_p2 | -   |        | add_ln229_231 | add | tadder | 0       |
|     add_ln229_232_fu_8543_p2 | -   |        | add_ln229_232 | add | tadder | 0       |
|     add_ln229_233_fu_8552_p2 | -   |        | add_ln229_233 | add | tadder | 0       |
|     rhs_V_219_fu_8561_p2     | -   |        | rhs_V_219     | add | tadder | 0       |
|     add_ln229_235_fu_1479_p2 | -   |        | add_ln229_235 | add | fabric | 0       |
|     add_ln229_236_fu_2541_p2 | -   |        | add_ln229_236 | add | tadder | 0       |
|     sub_ln229_48_fu_2545_p2  | -   |        | sub_ln229_48  | add | tadder | 0       |
|     add_ln229_237_fu_8510_p2 | -   |        | add_ln229_237 | add | tadder | 0       |
|     add_ln229_238_fu_8438_p2 | -   |        | add_ln229_238 | add | fabric | 0       |
|     add_ln229_239_fu_8516_p2 | -   |        | add_ln229_239 | add | tadder | 0       |
|     add_ln229_240_fu_7825_p2 | -   |        | add_ln229_240 | add | tadder | 0       |
|     add_ln229_241_fu_7798_p2 | -   |        | add_ln229_241 | add | fabric | 0       |
|     add_ln229_242_fu_7830_p2 | -   |        | add_ln229_242 | add | tadder | 0       |
|     add_ln229_243_fu_8686_p2 | -   |        | add_ln229_243 | add | tadder | 0       |
|     add_ln229_244_fu_6017_p2 | -   |        | add_ln229_244 | add | fabric | 0       |
|     add_ln229_245_fu_6234_p2 | -   |        | add_ln229_245 | add | fabric | 0       |
|     add_ln229_246_fu_8677_p2 | -   |        | add_ln229_246 | add | tadder | 0       |
|     add_ln229_247_fu_8667_p2 | -   |        | add_ln229_247 | add | tadder | 0       |
|     add_ln229_248_fu_8625_p2 | -   |        | add_ln229_248 | add | tadder | 0       |
|     add_ln229_249_fu_8631_p2 | -   |        | add_ln229_249 | add | tadder | 0       |
|     add_ln229_250_fu_8672_p2 | -   |        | add_ln229_250 | add | tadder | 0       |
|     add_ln229_251_fu_8681_p2 | -   |        | add_ln229_251 | add | tadder | 0       |
|     rhs_V_220_fu_8690_p2     | -   |        | rhs_V_220     | add | tadder | 0       |
|     add_ln229_253_fu_1485_p2 | -   |        | add_ln229_253 | add | fabric | 0       |
|     add_ln229_254_fu_2550_p2 | -   |        | add_ln229_254 | add | tadder | 0       |
|     sub_ln229_49_fu_2554_p2  | -   |        | sub_ln229_49  | add | tadder | 0       |
|     add_ln229_255_fu_8650_p2 | -   |        | add_ln229_255 | add | tadder | 0       |
|     add_ln229_256_fu_8592_p2 | -   |        | add_ln229_256 | add | fabric | 0       |
|     add_ln229_257_fu_8656_p2 | -   |        | add_ln229_257 | add | tadder | 0       |
|     add_ln229_258_fu_8016_p2 | -   |        | add_ln229_258 | add | tadder | 0       |
|     add_ln229_259_fu_7989_p2 | -   |        | add_ln229_259 | add | fabric | 0       |
|     add_ln229_260_fu_8021_p2 | -   |        | add_ln229_260 | add | tadder | 0       |
|     add_ln229_261_fu_8815_p2 | -   |        | add_ln229_261 | add | tadder | 0       |
|     add_ln229_262_fu_6046_p2 | -   |        | add_ln229_262 | add | fabric | 0       |
|     add_ln229_263_fu_8806_p2 | -   |        | add_ln229_263 | add | tadder | 0       |
|     add_ln229_264_fu_8796_p2 | -   |        | add_ln229_264 | add | tadder | 0       |
|     add_ln229_265_fu_8754_p2 | -   |        | add_ln229_265 | add | tadder | 0       |
|     add_ln229_266_fu_8760_p2 | -   |        | add_ln229_266 | add | tadder | 0       |
|     add_ln229_267_fu_8801_p2 | -   |        | add_ln229_267 | add | tadder | 0       |
|     add_ln229_268_fu_8810_p2 | -   |        | add_ln229_268 | add | tadder | 0       |
|     rhs_V_167_fu_8819_p2     | -   |        | rhs_V_167     | add | tadder | 0       |
|     add_ln229_270_fu_1491_p2 | -   |        | add_ln229_270 | add | fabric | 0       |
|     add_ln229_271_fu_2573_p2 | -   |        | add_ln229_271 | add | tadder | 0       |
|     sub_ln229_50_fu_2577_p2  | -   |        | sub_ln229_50  | add | tadder | 0       |
|     add_ln229_272_fu_8779_p2 | -   |        | add_ln229_272 | add | tadder | 0       |
|     add_ln229_273_fu_8721_p2 | -   |        | add_ln229_273 | add | fabric | 0       |
|     add_ln229_274_fu_8785_p2 | -   |        | add_ln229_274 | add | tadder | 0       |
|     add_ln229_275_fu_8207_p2 | -   |        | add_ln229_275 | add | tadder | 0       |
|     add_ln229_276_fu_8180_p2 | -   |        | add_ln229_276 | add | fabric | 0       |
|     add_ln229_277_fu_8212_p2 | -   |        | add_ln229_277 | add | tadder | 0       |
|     add_ln229_278_fu_8941_p2 | -   |        | add_ln229_278 | add | tadder | 0       |
|     add_ln229_279_fu_6056_p2 | -   |        | add_ln229_279 | add | fabric | 0       |
|     add_ln229_280_fu_8917_p2 | -   |        | add_ln229_280 | add | fabric | 0       |
|     add_ln229_281_fu_8932_p2 | -   |        | add_ln229_281 | add | tadder | 0       |
|     add_ln229_282_fu_8922_p2 | -   |        | add_ln229_282 | add | tadder | 0       |
|     add_ln229_283_fu_8869_p2 | -   |        | add_ln229_283 | add | tadder | 0       |
|     add_ln229_284_fu_8875_p2 | -   |        | add_ln229_284 | add | tadder | 0       |
|     add_ln229_285_fu_8927_p2 | -   |        | add_ln229_285 | add | tadder | 0       |
|     add_ln229_286_fu_8936_p2 | -   |        | add_ln229_286 | add | tadder | 0       |
|     rhs_V_168_fu_8945_p2     | -   |        | rhs_V_168     | add | tadder | 0       |
|     add_ln229_288_fu_1497_p2 | -   |        | add_ln229_288 | add | fabric | 0       |
|     add_ln229_289_fu_2582_p2 | -   |        | add_ln229_289 | add | tadder | 0       |
|     sub_ln229_51_fu_2586_p2  | -   |        | sub_ln229_51  | add | tadder | 0       |
|     add_ln229_290_fu_8894_p2 | -   |        | add_ln229_290 | add | tadder | 0       |
|     add_ln229_291_fu_8850_p2 | -   |        | add_ln229_291 | add | fabric | 0       |
|     add_ln229_292_fu_8900_p2 | -   |        | add_ln229_292 | add | tadder | 0       |
|     add_ln229_293_fu_8384_p2 | -   |        | add_ln229_293 | add | tadder | 0       |
|     add_ln229_294_fu_8350_p2 | -   |        | add_ln229_294 | add | fabric | 0       |
|     add_ln229_295_fu_8389_p2 | -   |        | add_ln229_295 | add | tadder | 0       |
|     add_ln229_296_fu_9021_p2 | -   |        | add_ln229_296 | add | tadder | 0       |
|     add_ln229_297_fu_4858_p2 | -   |        | add_ln229_297 | add | fabric | 0       |
|     add_ln229_298_fu_8997_p2 | -   |        | add_ln229_298 | add | fabric | 0       |
|     add_ln229_299_fu_9012_p2 | -   |        | add_ln229_299 | add | tadder | 0       |
|     add_ln229_300_fu_9002_p2 | -   |        | add_ln229_300 | add | tadder | 0       |
|     add_ln229_301_fu_8974_p2 | -   |        | add_ln229_301 | add | tadder | 0       |
|     add_ln229_302_fu_8980_p2 | -   |        | add_ln229_302 | add | tadder | 0       |
|     add_ln229_303_fu_9007_p2 | -   |        | add_ln229_303 | add | tadder | 0       |
|     add_ln229_304_fu_9016_p2 | -   |        | add_ln229_304 | add | tadder | 0       |
|     rhs_V_169_fu_9025_p2     | -   |        | rhs_V_169     | add | tadder | 0       |
|     tmp_V_265_fu_9284_p2     | -   |        | tmp_V_265     | add | fabric | 0       |
|     tmp_V_267_fu_9329_p2     | -   |        | tmp_V_267     | add | fabric | 0       |
|     tmp_V_269_fu_9374_p2     | -   |        | tmp_V_269     | add | fabric | 0       |
|     tmp_V_271_fu_9419_p2     | -   |        | tmp_V_271     | add | fabric | 0       |
|     tmp_V_257_fu_9458_p2     | -   |        | tmp_V_257     | add | fabric | 0       |
|     tmp_V_259_fu_9503_p2     | -   |        | tmp_V_259     | add | fabric | 0       |
|     tmp_V_261_fu_9548_p2     | -   |        | tmp_V_261     | add | fabric | 0       |
|     tmp_V_263_fu_9593_p2     | -   |        | tmp_V_263     | add | fabric | 0       |
|     add_ln223_28_fu_9811_p2  | -   |        | add_ln223_28  | add | tadder | 0       |
|     add_ln223_29_fu_9816_p2  | -   |        | add_ln223_29  | add | tadder | 0       |
|     add_ln223_30_fu_9827_p2  | -   |        | add_ln223_30  | add | tadder | 0       |
|     add_ln223_31_fu_9832_p2  | -   |        | add_ln223_31  | add | tadder | 0       |
|     add_ln223_32_fu_9843_p2  | -   |        | add_ln223_32  | add | tadder | 0       |
|     add_ln223_33_fu_9848_p2  | -   |        | add_ln223_33  | add | tadder | 0       |
|     add_ln223_34_fu_9859_p2  | -   |        | add_ln223_34  | add | tadder | 0       |
|     add_ln223_35_fu_9864_p2  | -   |        | add_ln223_35  | add | tadder | 0       |
|     add_ln223_36_fu_9875_p2  | -   |        | add_ln223_36  | add | tadder | 0       |
|     add_ln223_37_fu_9880_p2  | -   |        | add_ln223_37  | add | tadder | 0       |
|     add_ln223_38_fu_9891_p2  | -   |        | add_ln223_38  | add | tadder | 0       |
|     add_ln223_39_fu_9896_p2  | -   |        | add_ln223_39  | add | tadder | 0       |
|     add_ln223_40_fu_9907_p2  | -   |        | add_ln223_40  | add | tadder | 0       |
|     add_ln223_41_fu_9912_p2  | -   |        | add_ln223_41  | add | tadder | 0       |
|     add_ln223_42_fu_9923_p2  | -   |        | add_ln223_42  | add | tadder | 0       |
|     add_ln223_43_fu_9928_p2  | -   |        | add_ln223_43  | add | tadder | 0       |
|   + compress                 | 0   |        |               |     |        |         |
|     add_ln229_fu_1144_p2     | -   |        | add_ln229     | add | tadder | 0       |
|     add_ln229_1_fu_1150_p2   | -   |        | add_ln229_1   | add | tadder | 0       |
|     sub_ln229_fu_1503_p2     | -   |        | sub_ln229     | add | tadder | 0       |
|     tmp_V_fu_1507_p2         | -   |        | tmp_V         | add | tadder | 0       |
|     add_ln229_3_fu_1163_p2   | -   |        | add_ln229_3   | add | tadder | 0       |
|     sub_ln229_1_fu_1169_p2   | -   |        | sub_ln229_1   | add | tadder | 0       |
|     sub_ln229_2_fu_1512_p2   | -   |        | sub_ln229_2   | add | tadder | 0       |
|     tmp_V_3_fu_1516_p2       | -   |        | tmp_V_3       | add | tadder | 0       |
|     add_ln229_5_fu_672_p2    | -   |        | add_ln229_5   | add | tadder | 0       |
|     add_ln229_6_fu_678_p2    | -   |        | add_ln229_6   | add | tadder | 0       |
|     sub_ln229_3_fu_1174_p2   | -   |        | sub_ln229_3   | add | tadder | 0       |
|     tmp_V_6_fu_1178_p2       | -   |        | tmp_V_6       | add | tadder | 0       |
|     sub_ln229_4_fu_710_p2    | -   |        | sub_ln229_4   | add | tadder | 0       |
|     add_ln229_8_fu_716_p2    | -   |        | add_ln229_8   | add | tadder | 0       |
|     sub_ln229_5_fu_1183_p2   | -   |        | sub_ln229_5   | add | tadder | 0       |
|     tmp_V_9_fu_1188_p2       | -   |        | tmp_V_9       | add | tadder | 0       |
|     sub_ln229_6_fu_1197_p2   | -   |        | sub_ln229_6   | add | tadder | 0       |
|     sub_ln229_7_fu_1202_p2   | -   |        | sub_ln229_7   | add | tadder | 0       |
|     add_ln229_10_fu_1521_p2  | -   |        | add_ln229_10  | add | tadder | 0       |
|     rhs_V_28_fu_1525_p2      | -   |        | rhs_V_28      | add | tadder | 0       |
|     add_ln229_12_fu_1212_p2  | -   |        | add_ln229_12  | add | tadder | 0       |
|     sub_ln229_8_fu_1217_p2   | -   |        | sub_ln229_8   | add | tadder | 0       |
|     sub_ln229_9_fu_1530_p2   | -   |        | sub_ln229_9   | add | tadder | 0       |
|     tmp_V_12_fu_1534_p2      | -   |        | tmp_V_12      | add | tadder | 0       |
|     sub_ln229_10_fu_1226_p2  | -   |        | sub_ln229_10  | add | tadder | 0       |
|     add_ln229_14_fu_1231_p2  | -   |        | add_ln229_14  | add | tadder | 0       |
|     sub_ln229_11_fu_1539_p2  | -   |        | sub_ln229_11  | add | tadder | 0       |
|     tmp_V_15_fu_1543_p2      | -   |        | tmp_V_15      | add | tadder | 0       |
|     sub_ln229_13_fu_1236_p2  | -   |        | sub_ln229_13  | add | tadder | 0       |
|     sub_ln229_14_fu_1241_p2  | -   |        | sub_ln229_14  | add | tadder | 0       |
|     sub_ln229_15_fu_1548_p2  | -   |        | sub_ln229_15  | add | tadder | 0       |
|     tmp_V_18_fu_1552_p2      | -   |        | tmp_V_18      | add | tadder | 0       |
|     add_ln229_15_fu_1247_p2  | -   |        | add_ln229_15  | add | tadder | 0       |
|     sub_ln229_17_fu_1252_p2  | -   |        | sub_ln229_17  | add | tadder | 0       |
|     sub_ln229_18_fu_1557_p2  | -   |        | sub_ln229_18  | add | tadder | 0       |
|     tmp_V_21_fu_1561_p2      | -   |        | tmp_V_21      | add | tadder | 0       |
|     sub_ln229_20_fu_1257_p2  | -   |        | sub_ln229_20  | add | tadder | 0       |
|     add_ln229_16_fu_1262_p2  | -   |        | add_ln229_16  | add | tadder | 0       |
|     sub_ln229_21_fu_1566_p2  | -   |        | sub_ln229_21  | add | tadder | 0       |
|     rhs_V_41_fu_1570_p2      | -   |        | rhs_V_41      | add | tadder | 0       |
|     add_ln229_18_fu_782_p2   | -   |        | add_ln229_18  | add | tadder | 0       |
|     sub_ln229_22_fu_788_p2   | -   |        | sub_ln229_22  | add | tadder | 0       |
|     sub_ln229_23_fu_1268_p2  | -   |        | sub_ln229_23  | add | tadder | 0       |
|     tmp_V_24_fu_1272_p2      | -   |        | tmp_V_24      | add | tadder | 0       |
|     sub_ln229_25_fu_1278_p2  | -   |        | sub_ln229_25  | add | tadder | 0       |
|     add_ln229_19_fu_1282_p2  | -   |        | add_ln229_19  | add | tadder | 0       |
|     sub_ln229_26_fu_1575_p2  | -   |        | sub_ln229_26  | add | tadder | 0       |
|     tmp_V_27_fu_1579_p2      | -   |        | tmp_V_27      | add | tadder | 0       |
|     add_ln229_20_fu_1287_p2  | -   |        | add_ln229_20  | add | tadder | 0       |
|     sub_ln229_28_fu_1292_p2  | -   |        | sub_ln229_28  | add | tadder | 0       |
|     add_ln229_21_fu_1584_p2  | -   |        | add_ln229_21  | add | tadder | 0       |
|     tmp_V_30_fu_1588_p2      | -   |        | tmp_V_30      | add | tadder | 0       |
|     add_ln223_fu_1593_p2     | -   |        | add_ln223     | add | tadder | 0       |
|     add_ln223_1_fu_1297_p2   | -   |        | add_ln223_1   | add | tadder | 0       |
|     add_ln223_2_fu_1302_p2   | -   |        | add_ln223_2   | add | tadder | 0       |
|     tmp_V_33_fu_1597_p2      | -   |        | tmp_V_33      | add | tadder | 0       |
|     sub_ln229_30_fu_1308_p2  | -   |        | sub_ln229_30  | add | tadder | 0       |
|     sub_ln229_31_fu_1314_p2  | -   |        | sub_ln229_31  | add | tadder | 0       |
|     sub_ln229_32_fu_1602_p2  | -   |        | sub_ln229_32  | add | tadder | 0       |
|     rhs_V_54_fu_1606_p2      | -   |        | rhs_V_54      | add | tadder | 0       |
|     add_ln229_23_fu_794_p2   | -   |        | add_ln229_23  | add | tadder | 0       |
|     sub_ln229_33_fu_800_p2   | -   |        | sub_ln229_33  | add | tadder | 0       |
|     sub_ln229_34_fu_1319_p2  | -   |        | sub_ln229_34  | add | tadder | 0       |
|     tmp_V_36_fu_1324_p2      | -   |        | tmp_V_36      | add | tadder | 0       |
|     tmp_V_299_fu_2668_p2     | -   |        | tmp_V_299     | add | fabric | 0       |
|     tmp_V_302_fu_2749_p2     | -   |        | tmp_V_302     | add | fabric | 0       |
|     tmp_V_305_fu_1687_p2     | -   |        | tmp_V_305     | add | fabric | 0       |
|     tmp_V_308_fu_1768_p2     | -   |        | tmp_V_308     | add | fabric | 0       |
|     tmp_V_311_fu_2772_p2     | -   |        | tmp_V_311     | add | fabric | 0       |
|     tmp_V_314_fu_2853_p2     | -   |        | tmp_V_314     | add | fabric | 0       |
|     tmp_V_317_fu_2934_p2     | -   |        | tmp_V_317     | add | fabric | 0       |
|     tmp_V_320_fu_3015_p2     | -   |        | tmp_V_320     | add | fabric | 0       |
|     tmp_V_323_fu_3096_p2     | -   |        | tmp_V_323     | add | fabric | 0       |
|     tmp_V_326_fu_3119_p2     | -   |        | tmp_V_326     | add | fabric | 0       |
|     tmp_V_329_fu_3200_p2     | -   |        | tmp_V_329     | add | fabric | 0       |
|     tmp_V_332_fu_3281_p2     | -   |        | tmp_V_332     | add | fabric | 0       |
|     tmp_V_335_fu_4939_p2     | -   |        | tmp_V_335     | add | fabric | 0       |
|     tmp_V_338_fu_5020_p2     | -   |        | tmp_V_338     | add | fabric | 0       |
|     tmp_V_341_fu_3304_p2     | -   |        | tmp_V_341     | add | fabric | 0       |
|     tmp_V_344_fu_1849_p2     | -   |        | tmp_V_344     | add | fabric | 0       |
|     add_ln229_24_fu_1348_p2  | -   |        | add_ln229_24  | add | fabric | 0       |
|     sub_ln229_36_fu_2100_p2  | -   |        | sub_ln229_36  | add | tadder | 0       |
|     add_ln229_25_fu_2104_p2  | -   |        | add_ln229_25  | add | tadder | 0       |
|     add_ln229_26_fu_6061_p2  | -   |        | add_ln229_26  | add | tadder | 0       |
|     add_ln229_27_fu_5459_p2  | -   |        | add_ln229_27  | add | fabric | 0       |
|     add_ln229_28_fu_6065_p2  | -   |        | add_ln229_28  | add | tadder | 0       |
|     add_ln229_29_fu_6070_p2  | -   |        | add_ln229_29  | add | tadder | 0       |
|     add_ln229_30_fu_5464_p2  | -   |        | add_ln229_30  | add | fabric | 0       |
|     add_ln229_31_fu_6074_p2  | -   |        | add_ln229_31  | add | tadder | 0       |
|     add_ln229_32_fu_6239_p2  | -   |        | add_ln229_32  | add | tadder | 0       |
|     add_ln229_33_fu_5469_p2  | -   |        | add_ln229_33  | add | fabric | 0       |
|     add_ln229_34_fu_5475_p2  | -   |        | add_ln229_34  | add | fabric | 0       |
|     add_ln229_35_fu_6079_p2  | -   |        | add_ln229_35  | add | tadder | 0       |
|     add_ln229_36_fu_5480_p2  | -   |        | add_ln229_36  | add | tadder | 0       |
|     add_ln229_37_fu_3921_p2  | -   |        | add_ln229_37  | add | tadder | 0       |
|     add_ln229_38_fu_3925_p2  | -   |        | add_ln229_38  | add | tadder | 0       |
|     add_ln229_39_fu_5484_p2  | -   |        | add_ln229_39  | add | tadder | 0       |
|     add_ln229_40_fu_6083_p2  | -   |        | add_ln229_40  | add | tadder | 0       |
|     tmp_V_377_fu_6243_p2     | -   |        | tmp_V_377     | add | tadder | 0       |
|     sub_ln229_37_fu_1366_p2  | -   |        | sub_ln229_37  | sub | fabric | 0       |
|     add_ln229_42_fu_2347_p2  | -   |        | add_ln229_42  | add | tadder | 0       |
|     add_ln229_43_fu_2352_p2  | -   |        | add_ln229_43  | add | tadder | 0       |
|     add_ln229_44_fu_6330_p2  | -   |        | add_ln229_44  | add | tadder | 0       |
|     add_ln229_45_fu_6136_p2  | -   |        | add_ln229_45  | add | fabric | 0       |
|     add_ln229_46_fu_6334_p2  | -   |        | add_ln229_46  | add | tadder | 0       |
|     add_ln229_47_fu_6141_p2  | -   |        | add_ln229_47  | add | tadder | 0       |
|     add_ln229_48_fu_5714_p2  | -   |        | add_ln229_48  | add | fabric | 0       |
|     add_ln229_49_fu_6145_p2  | -   |        | add_ln229_49  | add | tadder | 0       |
|     add_ln229_50_fu_6579_p2  | -   |        | add_ln229_50  | add | tadder | 0       |
|     add_ln229_51_fu_5719_p2  | -   |        | add_ln229_51  | add | fabric | 0       |
|     add_ln229_52_fu_6540_p2  | -   |        | add_ln229_52  | add | fabric | 0       |
|     add_ln229_53_fu_6570_p2  | -   |        | add_ln229_53  | add | tadder | 0       |
|     add_ln229_54_fu_6545_p2  | -   |        | add_ln229_54  | add | tadder | 0       |
|     add_ln229_55_fu_6423_p2  | -   |        | add_ln229_55  | add | tadder | 0       |
|     add_ln229_56_fu_6427_p2  | -   |        | add_ln229_56  | add | tadder | 0       |
|     add_ln229_57_fu_6549_p2  | -   |        | add_ln229_57  | add | tadder | 0       |
|     add_ln229_58_fu_6574_p2  | -   |        | add_ln229_58  | add | tadder | 0       |
|     rhs_V_209_fu_6583_p2     | -   |        | rhs_V_209     | add | tadder | 0       |
|     add_ln229_60_fu_1384_p2  | -   |        | add_ln229_60  | add | fabric | 0       |
|     add_ln229_61_fu_2391_p2  | -   |        | add_ln229_61  | add | tadder | 0       |
|     sub_ln229_38_fu_2396_p2  | -   |        | sub_ln229_38  | add | tadder | 0       |
|     add_ln229_62_fu_6442_p2  | -   |        | add_ln229_62  | add | tadder | 0       |
|     add_ln229_63_fu_6156_p2  | -   |        | add_ln229_63  | add | fabric | 0       |
|     add_ln229_64_fu_6448_p2  | -   |        | add_ln229_64  | add | tadder | 0       |
|     add_ln229_65_fu_6160_p2  | -   |        | add_ln229_65  | add | tadder | 0       |
|     add_ln229_66_fu_5741_p2  | -   |        | add_ln229_66  | add | fabric | 0       |
|     add_ln229_67_fu_6165_p2  | -   |        | add_ln229_67  | add | tadder | 0       |
|     add_ln229_68_fu_6791_p2  | -   |        | add_ln229_68  | add | tadder | 0       |
|     add_ln229_69_fu_5747_p2  | -   |        | add_ln229_69  | add | fabric | 0       |
|     add_ln229_70_fu_6746_p2  | -   |        | add_ln229_70  | add | fabric | 0       |
|     add_ln229_71_fu_6782_p2  | -   |        | add_ln229_71  | add | tadder | 0       |
|     add_ln229_72_fu_6750_p2  | -   |        | add_ln229_72  | add | tadder | 0       |
|     add_ln229_73_fu_6706_p2  | -   |        | add_ln229_73  | add | tadder | 0       |
|     add_ln229_74_fu_6711_p2  | -   |        | add_ln229_74  | add | tadder | 0       |
|     add_ln229_75_fu_6754_p2  | -   |        | add_ln229_75  | add | tadder | 0       |
|     add_ln229_76_fu_6786_p2  | -   |        | add_ln229_76  | add | tadder | 0       |
|     rhs_V_210_fu_6795_p2     | -   |        | rhs_V_210     | add | tadder | 0       |
|     add_ln229_78_fu_1026_p2  | -   |        | add_ln229_78  | add | fabric | 0       |
|     add_ln229_79_fu_1396_p2  | -   |        | add_ln229_79  | add | tadder | 0       |
|     sub_ln229_39_fu_1401_p2  | -   |        | sub_ln229_39  | add | tadder | 0       |
|     add_ln229_80_fu_6731_p2  | -   |        | add_ln229_80  | add | tadder | 0       |
|     add_ln229_81_fu_5768_p2  | -   |        | add_ln229_81  | add | fabric | 0       |
|     add_ln229_82_fu_6737_p2  | -   |        | add_ln229_82  | add | tadder | 0       |
|     add_ln229_83_fu_7012_p2  | -   |        | add_ln229_83  | add | tadder | 0       |
|     add_ln229_84_fu_6176_p2  | -   |        | add_ln229_84  | add | fabric | 0       |
|     add_ln229_85_fu_7016_p2  | -   |        | add_ln229_85  | add | tadder | 0       |
|     add_ln229_86_fu_7030_p2  | -   |        | add_ln229_86  | add | tadder | 0       |
|     add_ln229_87_fu_5774_p2  | -   |        | add_ln229_87  | add | fabric | 0       |
|     add_ln229_88_fu_6982_p2  | -   |        | add_ln229_88  | add | fabric | 0       |
|     add_ln229_89_fu_7021_p2  | -   |        | add_ln229_89  | add | tadder | 0       |
|     add_ln229_90_fu_6986_p2  | -   |        | add_ln229_90  | add | tadder | 0       |
|     add_ln229_91_fu_6929_p2  | -   |        | add_ln229_91  | add | tadder | 0       |
|     add_ln229_92_fu_6935_p2  | -   |        | add_ln229_92  | add | tadder | 0       |
|     add_ln229_93_fu_6991_p2  | -   |        | add_ln229_93  | add | tadder | 0       |
|     add_ln229_94_fu_7025_p2  | -   |        | add_ln229_94  | add | tadder | 0       |
|     rhs_V_211_fu_7034_p2     | -   |        | rhs_V_211     | add | tadder | 0       |
|     add_ln229_96_fu_1419_p2  | -   |        | add_ln229_96  | add | fabric | 0       |
|     add_ln229_97_fu_2415_p2  | -   |        | add_ln229_97  | add | tadder | 0       |
|     sub_ln229_40_fu_2420_p2  | -   |        | sub_ln229_40  | add | tadder | 0       |
|     add_ln229_98_fu_6954_p2  | -   |        | add_ln229_98  | add | tadder | 0       |
|     add_ln229_99_fu_6826_p2  | -   |        | add_ln229_99  | add | fabric | 0       |
|     add_ln229_100_fu_6960_p2 | -   |        | add_ln229_100 | add | tadder | 0       |
|     add_ln229_101_fu_6194_p2 | -   |        | add_ln229_101 | add | tadder | 0       |
|     add_ln229_102_fu_5809_p2 | -   |        | add_ln229_102 | add | fabric | 0       |
|     add_ln229_103_fu_6200_p2 | -   |        | add_ln229_103 | add | tadder | 0       |
|     add_ln229_104_fu_7239_p2 | -   |        | add_ln229_104 | add | tadder | 0       |
|     add_ln229_105_fu_5815_p2 | -   |        | add_ln229_105 | add | fabric | 0       |
|     add_ln229_106_fu_7201_p2 | -   |        | add_ln229_106 | add | fabric | 0       |
|     add_ln229_107_fu_7230_p2 | -   |        | add_ln229_107 | add | tadder | 0       |
|     add_ln229_108_fu_7205_p2 | -   |        | add_ln229_108 | add | tadder | 0       |
|     add_ln229_109_fu_7154_p2 | -   |        | add_ln229_109 | add | tadder | 0       |
|     add_ln229_110_fu_7159_p2 | -   |        | add_ln229_110 | add | tadder | 0       |
|     add_ln229_111_fu_7209_p2 | -   |        | add_ln229_111 | add | tadder | 0       |
|     add_ln229_112_fu_7234_p2 | -   |        | add_ln229_112 | add | tadder | 0       |
|     rhs_V_212_fu_7243_p2     | -   |        | rhs_V_212     | add | tadder | 0       |
|     add_ln229_114_fu_1437_p2 | -   |        | add_ln229_114 | add | fabric | 0       |
|     add_ln229_115_fu_2425_p2 | -   |        | add_ln229_115 | add | tadder | 0       |
|     sub_ln229_41_fu_2430_p2  | -   |        | sub_ln229_41  | add | tadder | 0       |
|     add_ln229_116_fu_7179_p2 | -   |        | add_ln229_116 | add | tadder | 0       |
|     add_ln229_117_fu_7065_p2 | -   |        | add_ln229_117 | add | fabric | 0       |
|     add_ln229_118_fu_7185_p2 | -   |        | add_ln229_118 | add | tadder | 0       |
|     add_ln229_119_fu_6217_p2 | -   |        | add_ln229_119 | add | tadder | 0       |
|     add_ln229_120_fu_5850_p2 | -   |        | add_ln229_120 | add | fabric | 0       |
|     add_ln229_121_fu_6223_p2 | -   |        | add_ln229_121 | add | tadder | 0       |
|     add_ln229_122_fu_7444_p2 | -   |        | add_ln229_122 | add | tadder | 0       |
|     add_ln229_123_fu_5856_p2 | -   |        | add_ln229_123 | add | fabric | 0       |
|     add_ln229_124_fu_7435_p2 | -   |        | add_ln229_124 | add | tadder | 0       |
|     add_ln229_125_fu_7409_p2 | -   |        | add_ln229_125 | add | tadder | 0       |
|     add_ln229_126_fu_7357_p2 | -   |        | add_ln229_126 | add | tadder | 0       |
|     add_ln229_127_fu_7362_p2 | -   |        | add_ln229_127 | add | tadder | 0       |
|     add_ln229_128_fu_7414_p2 | -   |        | add_ln229_128 | add | tadder | 0       |
|     add_ln229_129_fu_7439_p2 | -   |        | add_ln229_129 | add | tadder | 0       |
|     rhs_V_213_fu_7448_p2     | -   |        | rhs_V_213     | add | tadder | 0       |
|     sub_ln229_42_fu_1443_p2  | -   |        | sub_ln229_42  | sub | fabric | 0       |
|     add_ln229_131_fu_2441_p2 | -   |        | add_ln229_131 | add | tadder | 0       |
|     add_ln229_132_fu_2446_p2 | -   |        | add_ln229_132 | add | tadder | 0       |
|     add_ln229_133_fu_7381_p2 | -   |        | add_ln229_133 | add | tadder | 0       |
|     add_ln229_134_fu_7274_p2 | -   |        | add_ln229_134 | add | fabric | 0       |
|     add_ln229_135_fu_7387_p2 | -   |        | add_ln229_135 | add | tadder | 0       |
|     add_ln229_136_fu_6560_p2 | -   |        | add_ln229_136 | add | tadder | 0       |
|     add_ln229_137_fu_6459_p2 | -   |        | add_ln229_137 | add | fabric | 0       |
|     add_ln229_138_fu_6565_p2 | -   |        | add_ln229_138 | add | tadder | 0       |
|     add_ln229_139_fu_7646_p2 | -   |        | add_ln229_139 | add | tadder | 0       |
|     add_ln229_140_fu_5879_p2 | -   |        | add_ln229_140 | add | fabric | 0       |
|     add_ln229_141_fu_7608_p2 | -   |        | add_ln229_141 | add | fabric | 0       |
|     add_ln229_142_fu_7637_p2 | -   |        | add_ln229_142 | add | tadder | 0       |
|     add_ln229_143_fu_7612_p2 | -   |        | add_ln229_143 | add | tadder | 0       |
|     add_ln229_144_fu_7560_p2 | -   |        | add_ln229_144 | add | tadder | 0       |
|     add_ln229_145_fu_7566_p2 | -   |        | add_ln229_145 | add | tadder | 0       |
|     add_ln229_146_fu_7616_p2 | -   |        | add_ln229_146 | add | tadder | 0       |
|     add_ln229_147_fu_7641_p2 | -   |        | add_ln229_147 | add | tadder | 0       |
|     rhs_V_214_fu_7650_p2     | -   |        | rhs_V_214     | add | tadder | 0       |
|     add_ln229_149_fu_1449_p2 | -   |        | add_ln229_149 | add | fabric | 0       |
|     add_ln229_150_fu_2451_p2 | -   |        | add_ln229_150 | add | tadder | 0       |
|     sub_ln229_43_fu_2455_p2  | -   |        | sub_ln229_43  | add | tadder | 0       |
|     add_ln229_151_fu_7586_p2 | -   |        | add_ln229_151 | add | tadder | 0       |
|     add_ln229_152_fu_7479_p2 | -   |        | add_ln229_152 | add | fabric | 0       |
|     add_ln229_153_fu_7592_p2 | -   |        | add_ln229_153 | add | tadder | 0       |
|     add_ln229_154_fu_6771_p2 | -   |        | add_ln229_154 | add | tadder | 0       |
|     add_ln229_155_fu_6742_p2 | -   |        | add_ln229_155 | add | fabric | 0       |
|     add_ln229_156_fu_6777_p2 | -   |        | add_ln229_156 | add | tadder | 0       |
|     add_ln229_157_fu_7844_p2 | -   |        | add_ln229_157 | add | tadder | 0       |
|     add_ln229_158_fu_5902_p2 | -   |        | add_ln229_158 | add | fabric | 0       |
|     add_ln229_159_fu_7835_p2 | -   |        | add_ln229_159 | add | tadder | 0       |
|     add_ln229_160_fu_7809_p2 | -   |        | add_ln229_160 | add | tadder | 0       |
|     add_ln229_161_fu_7756_p2 | -   |        | add_ln229_161 | add | tadder | 0       |
|     add_ln229_162_fu_7761_p2 | -   |        | add_ln229_162 | add | tadder | 0       |
|     add_ln229_163_fu_7814_p2 | -   |        | add_ln229_163 | add | tadder | 0       |
|     add_ln229_164_fu_7839_p2 | -   |        | add_ln229_164 | add | tadder | 0       |
|     rhs_V_215_fu_7848_p2     | -   |        | rhs_V_215     | add | tadder | 0       |
|     add_ln229_166_fu_1455_p2 | -   |        | add_ln229_166 | add | fabric | 0       |
|     add_ln229_167_fu_2474_p2 | -   |        | add_ln229_167 | add | tadder | 0       |
|     sub_ln229_44_fu_2478_p2  | -   |        | sub_ln229_44  | add | tadder | 0       |
|     add_ln229_168_fu_7781_p2 | -   |        | add_ln229_168 | add | tadder | 0       |
|     add_ln229_169_fu_7681_p2 | -   |        | add_ln229_169 | add | fabric | 0       |
|     add_ln229_170_fu_7787_p2 | -   |        | add_ln229_170 | add | tadder | 0       |
|     add_ln229_171_fu_7002_p2 | -   |        | add_ln229_171 | add | tadder | 0       |
|     add_ln229_172_fu_6971_p2 | -   |        | add_ln229_172 | add | fabric | 0       |
|     add_ln229_173_fu_7007_p2 | -   |        | add_ln229_173 | add | tadder | 0       |
|     add_ln229_174_fu_8035_p2 | -   |        | add_ln229_174 | add | tadder | 0       |
|     add_ln229_175_fu_5925_p2 | -   |        | add_ln229_175 | add | fabric | 0       |
|     add_ln229_176_fu_8026_p2 | -   |        | add_ln229_176 | add | tadder | 0       |
|     add_ln229_177_fu_8000_p2 | -   |        | add_ln229_177 | add | tadder | 0       |
|     add_ln229_178_fu_7946_p2 | -   |        | add_ln229_178 | add | tadder | 0       |
|     add_ln229_179_fu_7952_p2 | -   |        | add_ln229_179 | add | tadder | 0       |
|     add_ln229_180_fu_8005_p2 | -   |        | add_ln229_180 | add | tadder | 0       |
|     add_ln229_181_fu_8030_p2 | -   |        | add_ln229_181 | add | tadder | 0       |
|     rhs_V_216_fu_8039_p2     | -   |        | rhs_V_216     | add | tadder | 0       |
|     add_ln229_183_fu_1461_p2 | -   |        | add_ln229_183 | add | fabric | 0       |
|     add_ln229_184_fu_2483_p2 | -   |        | add_ln229_184 | add | tadder | 0       |
|     sub_ln229_45_fu_2488_p2  | -   |        | sub_ln229_45  | add | tadder | 0       |
|     add_ln229_185_fu_7972_p2 | -   |        | add_ln229_185 | add | tadder | 0       |
|     add_ln229_186_fu_7879_p2 | -   |        | add_ln229_186 | add | fabric | 0       |
|     add_ln229_187_fu_7978_p2 | -   |        | add_ln229_187 | add | tadder | 0       |
|     add_ln229_188_fu_7220_p2 | -   |        | add_ln229_188 | add | tadder | 0       |
|     add_ln229_189_fu_7196_p2 | -   |        | add_ln229_189 | add | fabric | 0       |
|     add_ln229_190_fu_7225_p2 | -   |        | add_ln229_190 | add | tadder | 0       |
|     add_ln229_191_fu_8226_p2 | -   |        | add_ln229_191 | add | tadder | 0       |
|     add_ln229_192_fu_5948_p2 | -   |        | add_ln229_192 | add | fabric | 0       |
|     add_ln229_193_fu_8217_p2 | -   |        | add_ln229_193 | add | tadder | 0       |
|     add_ln229_194_fu_8191_p2 | -   |        | add_ln229_194 | add | tadder | 0       |
|     add_ln229_195_fu_8137_p2 | -   |        | add_ln229_195 | add | tadder | 0       |
|     add_ln229_196_fu_8143_p2 | -   |        | add_ln229_196 | add | tadder | 0       |
|     add_ln229_197_fu_8196_p2 | -   |        | add_ln229_197 | add | tadder | 0       |
|     add_ln229_198_fu_8221_p2 | -   |        | add_ln229_198 | add | tadder | 0       |
|     rhs_V_217_fu_8230_p2     | -   |        | rhs_V_217     | add | tadder | 0       |
|     add_ln229_200_fu_1467_p2 | -   |        | add_ln229_200 | add | fabric | 0       |
|     add_ln229_201_fu_2507_p2 | -   |        | add_ln229_201 | add | tadder | 0       |
|     sub_ln229_46_fu_2511_p2  | -   |        | sub_ln229_46  | add | tadder | 0       |
|     add_ln229_202_fu_8163_p2 | -   |        | add_ln229_202 | add | tadder | 0       |
|     add_ln229_203_fu_8070_p2 | -   |        | add_ln229_203 | add | fabric | 0       |
|     add_ln229_204_fu_8169_p2 | -   |        | add_ln229_204 | add | tadder | 0       |
|     add_ln229_205_fu_7425_p2 | -   |        | add_ln229_205 | add | tadder | 0       |
|     add_ln229_206_fu_7398_p2 | -   |        | add_ln229_206 | add | fabric | 0       |
|     add_ln229_207_fu_7430_p2 | -   |        | add_ln229_207 | add | tadder | 0       |
|     add_ln229_208_fu_8403_p2 | -   |        | add_ln229_208 | add | tadder | 0       |
|     add_ln229_209_fu_5971_p2 | -   |        | add_ln229_209 | add | fabric | 0       |
|     add_ln229_210_fu_8394_p2 | -   |        | add_ln229_210 | add | tadder | 0       |
|     add_ln229_211_fu_8367_p2 | -   |        | add_ln229_211 | add | tadder | 0       |
|     add_ln229_212_fu_8308_p2 | -   |        | add_ln229_212 | add | tadder | 0       |
|     add_ln229_213_fu_8314_p2 | -   |        | add_ln229_213 | add | tadder | 0       |
|     add_ln229_214_fu_8373_p2 | -   |        | add_ln229_214 | add | tadder | 0       |
|     add_ln229_215_fu_8398_p2 | -   |        | add_ln229_215 | add | tadder | 0       |
|     rhs_V_218_fu_8407_p2     | -   |        | rhs_V_218     | add | tadder | 0       |
|     add_ln229_217_fu_1473_p2 | -   |        | add_ln229_217 | add | fabric | 0       |
|     add_ln229_218_fu_2517_p2 | -   |        | add_ln229_218 | add | tadder | 0       |
|     sub_ln229_47_fu_2521_p2  | -   |        | sub_ln229_47  | add | tadder | 0       |
|     add_ln229_219_fu_8333_p2 | -   |        | add_ln229_219 | add | tadder | 0       |
|     add_ln229_220_fu_8261_p2 | -   |        | add_ln229_220 | add | fabric | 0       |
|     add_ln229_221_fu_8339_p2 | -   |        | add_ln229_221 | add | tadder | 0       |
|     add_ln229_222_fu_7627_p2 | -   |        | add_ln229_222 | add | tadder | 0       |
|     add_ln229_223_fu_7603_p2 | -   |        | add_ln229_223 | add | fabric | 0       |
|     add_ln229_224_fu_7632_p2 | -   |        | add_ln229_224 | add | tadder | 0       |
|     add_ln229_225_fu_8557_p2 | -   |        | add_ln229_225 | add | tadder | 0       |
|     add_ln229_226_fu_5994_p2 | -   |        | add_ln229_226 | add | fabric | 0       |
|     add_ln229_227_fu_8533_p2 | -   |        | add_ln229_227 | add | fabric | 0       |
|     add_ln229_228_fu_8548_p2 | -   |        | add_ln229_228 | add | tadder | 0       |
|     add_ln229_229_fu_8537_p2 | -   |        | add_ln229_229 | add | tadder | 0       |
|     add_ln229_230_fu_8485_p2 | -   |        | add_ln229_230 | add | tadder | 0       |
|     add_ln229_231_fu_8491_p2 | -   |        | add_ln229_231 | add | tadder | 0       |
|     add_ln229_232_fu_8543_p2 | -   |        | add_ln229_232 | add | tadder | 0       |
|     add_ln229_233_fu_8552_p2 | -   |        | add_ln229_233 | add | tadder | 0       |
|     rhs_V_219_fu_8561_p2     | -   |        | rhs_V_219     | add | tadder | 0       |
|     add_ln229_235_fu_1479_p2 | -   |        | add_ln229_235 | add | fabric | 0       |
|     add_ln229_236_fu_2541_p2 | -   |        | add_ln229_236 | add | tadder | 0       |
|     sub_ln229_48_fu_2545_p2  | -   |        | sub_ln229_48  | add | tadder | 0       |
|     add_ln229_237_fu_8510_p2 | -   |        | add_ln229_237 | add | tadder | 0       |
|     add_ln229_238_fu_8438_p2 | -   |        | add_ln229_238 | add | fabric | 0       |
|     add_ln229_239_fu_8516_p2 | -   |        | add_ln229_239 | add | tadder | 0       |
|     add_ln229_240_fu_7825_p2 | -   |        | add_ln229_240 | add | tadder | 0       |
|     add_ln229_241_fu_7798_p2 | -   |        | add_ln229_241 | add | fabric | 0       |
|     add_ln229_242_fu_7830_p2 | -   |        | add_ln229_242 | add | tadder | 0       |
|     add_ln229_243_fu_8686_p2 | -   |        | add_ln229_243 | add | tadder | 0       |
|     add_ln229_244_fu_6017_p2 | -   |        | add_ln229_244 | add | fabric | 0       |
|     add_ln229_245_fu_6234_p2 | -   |        | add_ln229_245 | add | fabric | 0       |
|     add_ln229_246_fu_8677_p2 | -   |        | add_ln229_246 | add | tadder | 0       |
|     add_ln229_247_fu_8667_p2 | -   |        | add_ln229_247 | add | tadder | 0       |
|     add_ln229_248_fu_8625_p2 | -   |        | add_ln229_248 | add | tadder | 0       |
|     add_ln229_249_fu_8631_p2 | -   |        | add_ln229_249 | add | tadder | 0       |
|     add_ln229_250_fu_8672_p2 | -   |        | add_ln229_250 | add | tadder | 0       |
|     add_ln229_251_fu_8681_p2 | -   |        | add_ln229_251 | add | tadder | 0       |
|     rhs_V_220_fu_8690_p2     | -   |        | rhs_V_220     | add | tadder | 0       |
|     add_ln229_253_fu_1485_p2 | -   |        | add_ln229_253 | add | fabric | 0       |
|     add_ln229_254_fu_2550_p2 | -   |        | add_ln229_254 | add | tadder | 0       |
|     sub_ln229_49_fu_2554_p2  | -   |        | sub_ln229_49  | add | tadder | 0       |
|     add_ln229_255_fu_8650_p2 | -   |        | add_ln229_255 | add | tadder | 0       |
|     add_ln229_256_fu_8592_p2 | -   |        | add_ln229_256 | add | fabric | 0       |
|     add_ln229_257_fu_8656_p2 | -   |        | add_ln229_257 | add | tadder | 0       |
|     add_ln229_258_fu_8016_p2 | -   |        | add_ln229_258 | add | tadder | 0       |
|     add_ln229_259_fu_7989_p2 | -   |        | add_ln229_259 | add | fabric | 0       |
|     add_ln229_260_fu_8021_p2 | -   |        | add_ln229_260 | add | tadder | 0       |
|     add_ln229_261_fu_8815_p2 | -   |        | add_ln229_261 | add | tadder | 0       |
|     add_ln229_262_fu_6046_p2 | -   |        | add_ln229_262 | add | fabric | 0       |
|     add_ln229_263_fu_8806_p2 | -   |        | add_ln229_263 | add | tadder | 0       |
|     add_ln229_264_fu_8796_p2 | -   |        | add_ln229_264 | add | tadder | 0       |
|     add_ln229_265_fu_8754_p2 | -   |        | add_ln229_265 | add | tadder | 0       |
|     add_ln229_266_fu_8760_p2 | -   |        | add_ln229_266 | add | tadder | 0       |
|     add_ln229_267_fu_8801_p2 | -   |        | add_ln229_267 | add | tadder | 0       |
|     add_ln229_268_fu_8810_p2 | -   |        | add_ln229_268 | add | tadder | 0       |
|     rhs_V_167_fu_8819_p2     | -   |        | rhs_V_167     | add | tadder | 0       |
|     add_ln229_270_fu_1491_p2 | -   |        | add_ln229_270 | add | fabric | 0       |
|     add_ln229_271_fu_2573_p2 | -   |        | add_ln229_271 | add | tadder | 0       |
|     sub_ln229_50_fu_2577_p2  | -   |        | sub_ln229_50  | add | tadder | 0       |
|     add_ln229_272_fu_8779_p2 | -   |        | add_ln229_272 | add | tadder | 0       |
|     add_ln229_273_fu_8721_p2 | -   |        | add_ln229_273 | add | fabric | 0       |
|     add_ln229_274_fu_8785_p2 | -   |        | add_ln229_274 | add | tadder | 0       |
|     add_ln229_275_fu_8207_p2 | -   |        | add_ln229_275 | add | tadder | 0       |
|     add_ln229_276_fu_8180_p2 | -   |        | add_ln229_276 | add | fabric | 0       |
|     add_ln229_277_fu_8212_p2 | -   |        | add_ln229_277 | add | tadder | 0       |
|     add_ln229_278_fu_8941_p2 | -   |        | add_ln229_278 | add | tadder | 0       |
|     add_ln229_279_fu_6056_p2 | -   |        | add_ln229_279 | add | fabric | 0       |
|     add_ln229_280_fu_8917_p2 | -   |        | add_ln229_280 | add | fabric | 0       |
|     add_ln229_281_fu_8932_p2 | -   |        | add_ln229_281 | add | tadder | 0       |
|     add_ln229_282_fu_8922_p2 | -   |        | add_ln229_282 | add | tadder | 0       |
|     add_ln229_283_fu_8869_p2 | -   |        | add_ln229_283 | add | tadder | 0       |
|     add_ln229_284_fu_8875_p2 | -   |        | add_ln229_284 | add | tadder | 0       |
|     add_ln229_285_fu_8927_p2 | -   |        | add_ln229_285 | add | tadder | 0       |
|     add_ln229_286_fu_8936_p2 | -   |        | add_ln229_286 | add | tadder | 0       |
|     rhs_V_168_fu_8945_p2     | -   |        | rhs_V_168     | add | tadder | 0       |
|     add_ln229_288_fu_1497_p2 | -   |        | add_ln229_288 | add | fabric | 0       |
|     add_ln229_289_fu_2582_p2 | -   |        | add_ln229_289 | add | tadder | 0       |
|     sub_ln229_51_fu_2586_p2  | -   |        | sub_ln229_51  | add | tadder | 0       |
|     add_ln229_290_fu_8894_p2 | -   |        | add_ln229_290 | add | tadder | 0       |
|     add_ln229_291_fu_8850_p2 | -   |        | add_ln229_291 | add | fabric | 0       |
|     add_ln229_292_fu_8900_p2 | -   |        | add_ln229_292 | add | tadder | 0       |
|     add_ln229_293_fu_8384_p2 | -   |        | add_ln229_293 | add | tadder | 0       |
|     add_ln229_294_fu_8350_p2 | -   |        | add_ln229_294 | add | fabric | 0       |
|     add_ln229_295_fu_8389_p2 | -   |        | add_ln229_295 | add | tadder | 0       |
|     add_ln229_296_fu_9021_p2 | -   |        | add_ln229_296 | add | tadder | 0       |
|     add_ln229_297_fu_4858_p2 | -   |        | add_ln229_297 | add | fabric | 0       |
|     add_ln229_298_fu_8997_p2 | -   |        | add_ln229_298 | add | fabric | 0       |
|     add_ln229_299_fu_9012_p2 | -   |        | add_ln229_299 | add | tadder | 0       |
|     add_ln229_300_fu_9002_p2 | -   |        | add_ln229_300 | add | tadder | 0       |
|     add_ln229_301_fu_8974_p2 | -   |        | add_ln229_301 | add | tadder | 0       |
|     add_ln229_302_fu_8980_p2 | -   |        | add_ln229_302 | add | tadder | 0       |
|     add_ln229_303_fu_9007_p2 | -   |        | add_ln229_303 | add | tadder | 0       |
|     add_ln229_304_fu_9016_p2 | -   |        | add_ln229_304 | add | tadder | 0       |
|     rhs_V_169_fu_9025_p2     | -   |        | rhs_V_169     | add | tadder | 0       |
|     tmp_V_265_fu_9284_p2     | -   |        | tmp_V_265     | add | fabric | 0       |
|     tmp_V_267_fu_9329_p2     | -   |        | tmp_V_267     | add | fabric | 0       |
|     tmp_V_269_fu_9374_p2     | -   |        | tmp_V_269     | add | fabric | 0       |
|     tmp_V_271_fu_9419_p2     | -   |        | tmp_V_271     | add | fabric | 0       |
|     tmp_V_257_fu_9458_p2     | -   |        | tmp_V_257     | add | fabric | 0       |
|     tmp_V_259_fu_9503_p2     | -   |        | tmp_V_259     | add | fabric | 0       |
|     tmp_V_261_fu_9548_p2     | -   |        | tmp_V_261     | add | fabric | 0       |
|     tmp_V_263_fu_9593_p2     | -   |        | tmp_V_263     | add | fabric | 0       |
|     add_ln223_28_fu_9811_p2  | -   |        | add_ln223_28  | add | tadder | 0       |
|     add_ln223_29_fu_9816_p2  | -   |        | add_ln223_29  | add | tadder | 0       |
|     add_ln223_30_fu_9827_p2  | -   |        | add_ln223_30  | add | tadder | 0       |
|     add_ln223_31_fu_9832_p2  | -   |        | add_ln223_31  | add | tadder | 0       |
|     add_ln223_32_fu_9843_p2  | -   |        | add_ln223_32  | add | tadder | 0       |
|     add_ln223_33_fu_9848_p2  | -   |        | add_ln223_33  | add | tadder | 0       |
|     add_ln223_34_fu_9859_p2  | -   |        | add_ln223_34  | add | tadder | 0       |
|     add_ln223_35_fu_9864_p2  | -   |        | add_ln223_35  | add | tadder | 0       |
|     add_ln223_36_fu_9875_p2  | -   |        | add_ln223_36  | add | tadder | 0       |
|     add_ln223_37_fu_9880_p2  | -   |        | add_ln223_37  | add | tadder | 0       |
|     add_ln223_38_fu_9891_p2  | -   |        | add_ln223_38  | add | tadder | 0       |
|     add_ln223_39_fu_9896_p2  | -   |        | add_ln223_39  | add | tadder | 0       |
|     add_ln223_40_fu_9907_p2  | -   |        | add_ln223_40  | add | tadder | 0       |
|     add_ln223_41_fu_9912_p2  | -   |        | add_ln223_41  | add | tadder | 0       |
|     add_ln223_42_fu_9923_p2  | -   |        | add_ln223_42  | add | tadder | 0       |
|     add_ln223_43_fu_9928_p2  | -   |        | add_ln223_43  | add | tadder | 0       |
+------------------------------+-----+--------+---------------+-----+--------+---------+


================================================================
== Bind Storage Report
================================================================
  No bind storage info in design

================================================================
== User Pragma Report
================================================================
* Valid Pragma Syntax
+-----------+--------------------------+----------------------------------------------------+
| Type      | Options                  | Location                                           |
+-----------+--------------------------+----------------------------------------------------+
| inline    |                          | ../include/hw/./warphash.h:73 in rotr              |
| inline    |                          | ../include/hw/./warphash.h:81 in rotl              |
| inline    |                          | ../include/hw/./warphash.h:89 in concat_vector     |
| inline    |                          | ../include/hw/./warphash.h:99 in reverse_bytes_128 |
| inline    |                          | ../include/hw/./warphash.h:108 in reverse_bytes_64 |
| inline    |                          | ../include/hw/./warphash.h:117 in reverse_bytes_32 |
| inline    |                          | ../src/hw/core/bmw.cpp:46 in pad_head              |
| inline    |                          | ../src/hw/core/bmw.cpp:56 in pad_tail              |
| inline    |                          | ../src/hw/core/bmw.cpp:66 in to_state              |
| inline    |                          | ../src/hw/core/bmw.cpp:88 in to_hash               |
| inline    |                          | ../src/hw/core/bmw.cpp:102 in expand_f1            |
| inline    |                          | ../src/hw/core/bmw.cpp:111 in expand_f2            |
| pipeline  | II=1                     | ../src/hw/core/bmw.cpp:120 in compress             |
| pipeline  | II=1                     | ../src/hw/core/bmw.cpp:191 in bmw                  |
| pipeline  | II=1                     | ../src/hw/core/bmw.cpp:197 in bmw_head             |
| pipeline  | II=1                     | ../src/hw/core/bmw.cpp:206 in bmw_tail             |
| interface | ap_none port=msg         | DIRECTIVE in bmw_tail, msg                         |
| interface | ap_ctrl_none port=return | DIRECTIVE in bmw_tail, return                      |
+-----------+--------------------------+----------------------------------------------------+


